Component: ARM Compiler 5.06 update 7 (build 960) Tool: armlink [4d3601]

==============================================================================

Section Cross References

    startup_stm32f103xb.o(RESET) refers to startup_stm32f103xb.o(STACK) for __initial_sp
    startup_stm32f103xb.o(RESET) refers to startup_stm32f103xb.o(.text) for Reset_Handler
    startup_stm32f103xb.o(RESET) refers to stm32f1xx_it.o(i.NMI_Handler) for NMI_Handler
    startup_stm32f103xb.o(RESET) refers to stm32f1xx_it.o(i.HardFault_Handler) for HardFault_Handler
    startup_stm32f103xb.o(RESET) refers to stm32f1xx_it.o(i.MemManage_Handler) for MemManage_Handler
    startup_stm32f103xb.o(RESET) refers to stm32f1xx_it.o(i.BusFault_Handler) for BusFault_Handler
    startup_stm32f103xb.o(RESET) refers to stm32f1xx_it.o(i.UsageFault_Handler) for UsageFault_Handler
    startup_stm32f103xb.o(RESET) refers to stm32f1xx_it.o(i.SVC_Handler) for SVC_Handler
    startup_stm32f103xb.o(RESET) refers to stm32f1xx_it.o(i.DebugMon_Handler) for DebugMon_Handler
    startup_stm32f103xb.o(RESET) refers to stm32f1xx_it.o(i.PendSV_Handler) for PendSV_Handler
    startup_stm32f103xb.o(RESET) refers to stm32f1xx_it.o(i.SysTick_Handler) for SysTick_Handler
    startup_stm32f103xb.o(.text) refers to system_stm32f1xx.o(i.SystemInit) for SystemInit
    startup_stm32f103xb.o(.text) refers to entry.o(.ARM.Collect$$$$00000000) for __main
    main.o(i.SystemClock_Config) refers to memseta.o(.text) for __aeabi_memclr4
    main.o(i.SystemClock_Config) refers to stm32f1xx_hal_rcc.o(i.HAL_RCC_OscConfig) for HAL_RCC_OscConfig
    main.o(i.SystemClock_Config) refers to stm32f1xx_hal_rcc.o(i.HAL_RCC_ClockConfig) for HAL_RCC_ClockConfig
    main.o(i.main) refers to stm32f1xx_hal.o(i.HAL_Init) for HAL_Init
    main.o(i.main) refers to main.o(i.SystemClock_Config) for SystemClock_Config
    main.o(i.main) refers to gpio.o(i.MX_GPIO_Init) for MX_GPIO_Init
    main.o(i.main) refers to spi.o(i.MX_SPI1_Init) for MX_SPI1_Init
    main.o(i.main) refers to tim.o(i.MX_TIM3_Init) for MX_TIM3_Init
    main.o(i.main) refers to usart.o(i.MX_USART2_UART_Init) for MX_USART2_UART_Init
    main.o(i.main) refers to lcd_1inch69_test.o(i.LCD_1in69_test) for LCD_1in69_test
    gpio.o(i.MX_GPIO_Init) refers to stm32f1xx_hal_gpio.o(i.HAL_GPIO_WritePin) for HAL_GPIO_WritePin
    gpio.o(i.MX_GPIO_Init) refers to stm32f1xx_hal_gpio.o(i.HAL_GPIO_Init) for HAL_GPIO_Init
    spi.o(i.HAL_SPI_MspDeInit) refers to stm32f1xx_hal_gpio.o(i.HAL_GPIO_DeInit) for HAL_GPIO_DeInit
    spi.o(i.HAL_SPI_MspInit) refers to stm32f1xx_hal_gpio.o(i.HAL_GPIO_Init) for HAL_GPIO_Init
    spi.o(i.MX_SPI1_Init) refers to stm32f1xx_hal_spi.o(i.HAL_SPI_Init) for HAL_SPI_Init
    spi.o(i.MX_SPI1_Init) refers to main.o(i.Error_Handler) for Error_Handler
    spi.o(i.MX_SPI1_Init) refers to spi.o(.bss) for .bss
    tim.o(i.HAL_TIM_MspPostInit) refers to stm32f1xx_hal_gpio.o(i.HAL_GPIO_Init) for HAL_GPIO_Init
    tim.o(i.MX_TIM3_Init) refers to memseta.o(.text) for __aeabi_memclr4
    tim.o(i.MX_TIM3_Init) refers to stm32f1xx_hal_tim.o(i.HAL_TIM_PWM_Init) for HAL_TIM_PWM_Init
    tim.o(i.MX_TIM3_Init) refers to main.o(i.Error_Handler) for Error_Handler
    tim.o(i.MX_TIM3_Init) refers to stm32f1xx_hal_tim_ex.o(i.HAL_TIMEx_MasterConfigSynchronization) for HAL_TIMEx_MasterConfigSynchronization
    tim.o(i.MX_TIM3_Init) refers to stm32f1xx_hal_tim.o(i.HAL_TIM_PWM_ConfigChannel) for HAL_TIM_PWM_ConfigChannel
    tim.o(i.MX_TIM3_Init) refers to tim.o(i.HAL_TIM_MspPostInit) for HAL_TIM_MspPostInit
    tim.o(i.MX_TIM3_Init) refers to tim.o(.bss) for .bss
    usart.o(i.HAL_UART_MspDeInit) refers to stm32f1xx_hal_gpio.o(i.HAL_GPIO_DeInit) for HAL_GPIO_DeInit
    usart.o(i.HAL_UART_MspInit) refers to stm32f1xx_hal_gpio.o(i.HAL_GPIO_Init) for HAL_GPIO_Init
    usart.o(i.MX_USART2_UART_Init) refers to stm32f1xx_hal_uart.o(i.HAL_UART_Init) for HAL_UART_Init
    usart.o(i.MX_USART2_UART_Init) refers to main.o(i.Error_Handler) for Error_Handler
    usart.o(i.MX_USART2_UART_Init) refers to usart.o(.bss) for .bss
    usart.o(i.fputc) refers to stm32f1xx_hal_uart.o(i.HAL_UART_Transmit) for HAL_UART_Transmit
    usart.o(i.fputc) refers to usart.o(.bss) for .bss
    stm32f1xx_it.o(i.SysTick_Handler) refers to stm32f1xx_hal.o(i.HAL_IncTick) for HAL_IncTick
    stm32f1xx_hal_spi.o(i.HAL_SPI_Abort) refers to stm32f1xx_hal_dma.o(i.HAL_DMA_Abort) for HAL_DMA_Abort
    stm32f1xx_hal_spi.o(i.HAL_SPI_Abort) refers to system_stm32f1xx.o(.data) for SystemCoreClock
    stm32f1xx_hal_spi.o(i.HAL_SPI_Abort) refers to stm32f1xx_hal_spi.o(i.SPI_AbortTx_ISR) for SPI_AbortTx_ISR
    stm32f1xx_hal_spi.o(i.HAL_SPI_Abort) refers to stm32f1xx_hal_spi.o(i.SPI_AbortRx_ISR) for SPI_AbortRx_ISR
    stm32f1xx_hal_spi.o(i.HAL_SPI_Abort_IT) refers to stm32f1xx_hal_dma.o(i.HAL_DMA_Abort_IT) for HAL_DMA_Abort_IT
    stm32f1xx_hal_spi.o(i.HAL_SPI_Abort_IT) refers to stm32f1xx_hal_spi.o(i.HAL_SPI_AbortCpltCallback) for HAL_SPI_AbortCpltCallback
[...]
    Removing image.o(.constdata), (9800 bytes).
    Removing dev_config.o(.rev16_text), (4 bytes).
    Removing dev_config.o(.revsh_text), (4 bytes).
    Removing dev_config.o(.rrx_text), (6 bytes).
    Removing dev_config.o(i.DEV_delay_ms), (4 bytes).
    Removing lcd_0in96.o(.rev16_text), (4 bytes).
    Removing lcd_0in96.o(.revsh_text), (4 bytes).
    Removing lcd_0in96.o(.rrx_text), (6 bytes).
    Removing lcd_0in96.o(i.LCD_0IN96_Clear), (72 bytes).
    Removing lcd_0in96.o(i.LCD_0IN96_ClearWindow), (84 bytes).
    Removing lcd_0in96.o(i.LCD_0IN96_Display), (84 bytes).
    Removing lcd_0in96.o(i.LCD_0IN96_DisplayWindows), (100 bytes).
    Removing lcd_0in96.o(i.LCD_0IN96_DrawPaint), (18 bytes).
    Removing lcd_0in96.o(i.LCD_0IN96_Init), (524 bytes).
    Removing lcd_0in96.o(i.LCD_0IN96_SetBackLight), (12 bytes).
    Removing lcd_0in96.o(i.LCD_0IN96_SetCursor), (84 bytes).
    Removing lcd_0in96.o(i.LCD_0IN96_SetWindow), (90 bytes).
    Removing lcd_0in96.o(i.LCD_0IN96_WriteData_Byte), (56 bytes).
    Removing lcd_0in96.o(i.LCD_0IN96_WriteData_Word), (60 bytes).
    Removing lcd_0in96.o(i.LCD_0IN96_Write_Command), (44 bytes).
    Removing lcd_1in14.o(.rev16_text), (4 bytes).
    Removing lcd_1in14.o(.revsh_text), (4 bytes).
    Removing lcd_1in14.o(.rrx_text), (6 bytes).
    Removing lcd_1in14.o(i.LCD_1IN14_Clear), (84 bytes).
    Removing lcd_1in14.o(i.LCD_1IN14_Display), (112 bytes).
    Removing lcd_1in14.o(i.LCD_1IN14_DisplayWindows), (104 bytes).
    Removing lcd_1in14.o(i.LCD_1IN14_DrawPaint), (22 bytes).
    Removing lcd_1in14.o(i.LCD_1IN14_Init), (116 bytes).
    Removing lcd_1in14.o(i.LCD_1IN14_InitReg), (360 bytes).
    Removing lcd_1in14.o(i.LCD_1IN14_SendCommand), (44 bytes).
    Removing lcd_1in14.o(i.LCD_1IN14_SendData_16Bit), (60 bytes).
    Removing lcd_1in14.o(i.LCD_1IN14_SendData_8Bit), (56 bytes).
    Removing lcd_1in14.o(i.LCD_1IN14_SetBackLight), (12 bytes).
    Removing lcd_1in14.o(i.LCD_1IN14_SetWindows), (92 bytes).
    Removing lcd_1in14.o(.data), (6 bytes).
    Removing lcd_1inch28.o(.rev16_text), (4 bytes).
    Removing lcd_1inch28.o(.revsh_text), (4 bytes).
    Removing lcd_1inch28.o(.rrx_text), (6 bytes).
    Removing lcd_1inch28.o(i.LCD_1IN28_Clear), (72 bytes).
    Removing lcd_1inch28.o(i.LCD_1IN28_Display), (88 bytes).
    Removing lcd_1inch28.o(i.LCD_1IN28_DisplayWindows), (100 bytes).
    Removing lcd_1inch28.o(i.LCD_1IN28_DrawPaint), (68 bytes).
    Removing lcd_1inch28.o(i.LCD_1IN28_Init), (104 bytes).
    Removing lcd_1inch28.o(i.LCD_1IN28_InitReg), (1122 bytes).
    Removing lcd_1inch28.o(i.LCD_1IN28_SendCommand), (44 bytes).
    Removing lcd_1inch28.o(i.LCD_1IN28_SendData_8Bit), (56 bytes).
    Removing lcd_1inch28.o(i.LCD_1IN28_SetBackLight), (12 bytes).
    Removing lcd_1inch28.o(i.LCD_1IN28_SetWindows), (82 bytes).
    Removing lcd_1inch28.o(.data), (6 bytes).
    Removing lcd_1in3.o(.rev16_text), (4 bytes).
    Removing lcd_1in3.o(.revsh_text), (4 bytes).
    Removing lcd_1in3.o(.rrx_text), (6 bytes).
    Removing lcd_1in3.o(i.LCD_1IN3_Clear), (72 bytes).
    Removing lcd_1in3.o(i.LCD_1IN3_Display), (84 bytes).
    Removing lcd_1in3.o(i.LCD_1IN3_DisplayWindows), (100 bytes).
    Removing lcd_1in3.o(i.LCD_1IN3_DrawPaint), (68 bytes).
    Removing lcd_1in3.o(i.LCD_1IN3_Init), (100 bytes).
    Removing lcd_1in3.o(i.LCD_1IN3_InitReg), (354 bytes).
    Removing lcd_1in3.o(i.LCD_1IN3_SendCommand), (44 bytes).
    Removing lcd_1in3.o(i.LCD_1IN3_SendData_8Bit), (56 bytes).
    Removing lcd_1in3.o(i.LCD_1IN3_SetBackLight), (12 bytes).
    Removing lcd_1in3.o(i.LCD_1IN3_SetWindows), (82 bytes).
    Removing lcd_1in3.o(.data), (6 bytes).
    Removing lcd_1in47.o(.rev16_text), (4 bytes).
    Removing lcd_1in47.o(.revsh_text), (4 bytes).
    Removing lcd_1in47.o(.rrx_text), (6 bytes).
    Removing lcd_1in47.o(i.LCD_1IN47_Clear), (84 bytes).
    Removing lcd_1in47.o(i.LCD_1IN47_Display), (104 bytes).
    Removing lcd_1in47.o(i.LCD_1IN47_DisplayWindows), (100 bytes).
    Removing lcd_1in47.o(i.LCD_1IN47_DrawPoint), (68 bytes).
    Removing lcd_1in47.o(i.LCD_1IN47_Init), (112 bytes).
    Removing lcd_1in47.o(i.LCD_1IN47_InitReg), (384 bytes).
    Removing lcd_1in47.o(i.LCD_1IN47_SendCommand), (44 bytes).
    Removing lcd_1in47.o(i.LCD_1IN47_SendData_8Bit), (28 bytes).
    Removing lcd_1in47.o(i.LCD_1IN47_SetBackLight), (12 bytes).
    Removing lcd_1in47.o(i.LCD_1IN47_SetWindows), (164 bytes).
    Removing lcd_1in47.o(.data), (6 bytes).
    Removing lcd_1in54.o(.rev16_text), (4 bytes).
    Removing lcd_1in54.o(.revsh_text), (4 bytes).
    Removing lcd_1in54.o(.rrx_text), (6 bytes).
    Removing lcd_1in54.o(i.LCD_1IN54_Clear), (72 bytes).
    Removing lcd_1in54.o(i.LCD_1IN54_Display), (84 bytes).
    Removing lcd_1in54.o(i.LCD_1IN54_DisplayWindows), (100 bytes).
    Removing lcd_1in54.o(i.LCD_1IN54_DrawPaint), (68 bytes).
    Removing lcd_1in54.o(i.LCD_1IN54_Init), (100 bytes).
    Removing lcd_1in54.o(i.LCD_1IN54_InitReg), (354 bytes).
    Removing lcd_1in54.o(i.LCD_1IN54_SendCommand), (44 bytes).
    Removing lcd_1in54.o(i.LCD_1IN54_SendData_8Bit), (56 bytes).
    Removing lcd_1in54.o(i.LCD_1IN54_SetBackLight), (12 bytes).
    Removing lcd_1in54.o(i.LCD_1IN54_SetWindows), (82 bytes).
    Removing lcd_1in54.o(.data), (6 bytes).
    Removing lcd_1in69.o(.rev16_text), (4 bytes).
    Removing lcd_1in69.o(.revsh_text), (4 bytes).
    Removing lcd_1in69.o(.rrx_text), (6 bytes).
    Removing lcd_1in69.o(i.LCD_1IN69_Display), (108 bytes).
    Removing lcd_1in69.o(i.LCD_1IN69_DisplayWindows), (100 bytes).
    Removing lcd_1in8.o(.rev16_text), (4 bytes).
    Removing lcd_1in8.o(.revsh_text), (4 bytes).
    Removing lcd_1in8.o(.rrx_text), (6 bytes).
    Removing lcd_1in8.o(i.LCD_1IN8_Clear), (72 bytes).
    Removing lcd_1in8.o(i.LCD_1IN8_Display), (84 bytes).
    Removing lcd_1in8.o(i.LCD_1IN8_DisplayWindows), (104 bytes).
    Removing lcd_1in8.o(i.LCD_1IN8_DrawPaint), (44 bytes).
    Removing lcd_1in8.o(i.LCD_1IN8_Init), (100 bytes).
    Removing lcd_1in8.o(i.LCD_1IN8_InitReg), (450 bytes).
    Removing lcd_1in8.o(i.LCD_1IN8_SetArealColor), (50 bytes).
    Removing lcd_1in8.o(i.LCD_1IN8_SetBackLight), (12 bytes).
    Removing lcd_1in8.o(i.LCD_1IN8_SetColor), (52 bytes).
    Removing lcd_1in8.o(i.LCD_1IN8_SetCursor), (8 bytes).
    Removing lcd_1in8.o(i.LCD_1IN8_SetGramScanWay), (112 bytes).
    Removing lcd_1in8.o(i.LCD_1IN8_SetWindows), (112 bytes).
    Removing lcd_1in8.o(i.LCD_1IN8_WriteData_8Bit), (56 bytes).
    Removing lcd_1in8.o(i.LCD_1IN8_WriteReg), (44 bytes).
    Removing lcd_1in8.o(.bss), (10 bytes).
    Removing lcd_1in9.o(.rev16_text), (4 bytes).
    Removing lcd_1in9.o(.revsh_text), (4 bytes).
    Removing lcd_1in9.o(.rrx_text), (6 bytes).
    Removing lcd_1in9.o(i.LCD_1IN9_Clear), (84 bytes).
    Removing lcd_1in9.o(i.LCD_1IN9_Display), (108 bytes).
    Removing lcd_1in9.o(i.LCD_1IN9_DisplayWindows), (100 bytes).
    Removing lcd_1in9.o(i.LCD_1IN9_DrawPoint), (68 bytes).
    Removing lcd_1in9.o(i.LCD_1IN9_Init), (112 bytes).
    Removing lcd_1in9.o(i.LCD_1IN9_InitReg), (372 bytes).
    Removing lcd_1in9.o(i.LCD_1IN9_SendCommand), (44 bytes).
    Removing lcd_1in9.o(i.LCD_1IN9_SendData_8Bit), (28 bytes).
    Removing lcd_1in9.o(i.LCD_1IN9_SetBackLight), (12 bytes).
    Removing lcd_1in9.o(i.LCD_1IN9_SetWindows), (164 bytes).
    Removing lcd_1in9.o(.data), (6 bytes).
    Removing lcd_2inch.o(.rev16_text), (4 bytes).
    Removing lcd_2inch.o(.revsh_text), (4 bytes).
    Removing lcd_2inch.o(.rrx_text), (6 bytes).
    Removing lcd_2inch.o(i.LCD_2IN_Clear), (68 bytes).
    Removing lcd_2inch.o(i.LCD_2IN_ClearWindow), (52 bytes).
    Removing lcd_2inch.o(i.LCD_2IN_Display), (76 bytes).
    Removing lcd_2inch.o(i.LCD_2IN_DrawPaint), (18 bytes).
    Removing lcd_2inch.o(i.LCD_2IN_Init), (488 bytes).
    Removing lcd_2inch.o(i.LCD_2IN_SetBackLight), (12 bytes).
    Removing lcd_2inch.o(i.LCD_2IN_SetCursor), (80 bytes).
    Removing lcd_2inch.o(i.LCD_2IN_SetWindow), (90 bytes).
    Removing lcd_2inch.o(i.LCD_2IN_WriteData_Byte), (56 bytes).
    Removing lcd_2inch.o(i.LCD_2IN_WriteData_Word), (60 bytes).
    Removing lcd_2inch.o(i.LCD_2IN_Write_Command), (44 bytes).
    Removing lcd_2inch4.o(.rev16_text), (4 bytes).
    Removing lcd_2inch4.o(.revsh_text), (4 bytes).
    Removing lcd_2inch4.o(.rrx_text), (6 bytes).
    Removing lcd_2inch4.o(i.LCD_2IN4_Clear), (68 bytes).
    Removing lcd_2inch4.o(i.LCD_2IN4_ClearWindow), (52 bytes).
    Removing lcd_2inch4.o(i.LCD_2IN4_Display), (76 bytes).
    Removing lcd_2inch4.o(i.LCD_2IN4_DrawPaint), (18 bytes).
    Removing lcd_2inch4.o(i.LCD_2IN4_Init), (584 bytes).
    Removing lcd_2inch4.o(i.LCD_2IN4_SetBackLight), (12 bytes).
    Removing lcd_2inch4.o(i.LCD_2IN4_SetCursor), (80 bytes).
    Removing lcd_2inch4.o(i.LCD_2IN4_SetWindow), (90 bytes).
    Removing lcd_2inch4.o(i.LCD_2IN4_WriteData_Byte), (56 bytes).
    Removing lcd_2inch4.o(i.LCD_2IN4_WriteData_Word), (60 bytes).
    Removing lcd_2inch4.o(i.LCD_2IN4_Write_Command), (44 bytes).
    Removing lcd_0inch96_test.o(.rev16_text), (4 bytes).
    Removing lcd_0inch96_test.o(.revsh_text), (4 bytes).
    Removing lcd_0inch96_test.o(.rrx_text), (6 bytes).
    Removing lcd_0inch96_test.o(i.LCD_0in96_test), (532 bytes).
    Removing lcd_1inch14_test.o(.rev16_text), (4 bytes).
    Removing lcd_1inch14_test.o(.revsh_text), (4 bytes).
    Removing lcd_1inch14_test.o(.rrx_text), (6 bytes).
    Removing lcd_1inch14_test.o(i.LCD_1in14_test), (684 bytes).
    Removing lcd_1inch28_test.o(.rev16_text), (4 bytes).
    Removing lcd_1inch28_test.o(.revsh_text), (4 bytes).
    Removing lcd_1inch28_test.o(.rrx_text), (6 bytes).
    Removing lcd_1inch28_test.o(i.LCD_1in28_test), (536 bytes).
    Removing lcd_1inch3_test.o(.rev16_text), (4 bytes).
    Removing lcd_1inch3_test.o(.revsh_text), (4 bytes).
    Removing lcd_1inch3_test.o(.rrx_text), (6 bytes).
    Removing lcd_1inch3_test.o(i.LCD_1in3_test), (576 bytes).
    Removing lcd_1inch47_test.o(.rev16_text), (4 bytes).
    Removing lcd_1inch47_test.o(.revsh_text), (4 bytes).
    Removing lcd_1inch47_test.o(.rrx_text), (6 bytes).
    Removing lcd_1inch47_test.o(i.LCD_1in47_test), (588 bytes).
    Removing lcd_1inch54_test.o(.rev16_text), (4 bytes).
    Removing lcd_1inch54_test.o(.revsh_text), (4 bytes).
    Removing lcd_1inch54_test.o(.rrx_text), (6 bytes).
    Removing lcd_1inch54_test.o(i.LCD_1in54_test), (580 bytes).
    Removing lcd_1inch69_test.o(.rev16_text), (4 bytes).
    Removing lcd_1inch69_test.o(.revsh_text), (4 bytes).
    Removing lcd_1inch69_test.o(.rrx_text), (6 bytes).
    Removing lcd_1inch8_test.o(.rev16_text), (4 bytes).
    Removing lcd_1inch8_test.o(.revsh_text), (4 bytes).
    Removing lcd_1inch8_test.o(.rrx_text), (6 bytes).
    Removing lcd_1inch8_test.o(i.LCD_1in8_test), (640 bytes).
    Removing lcd_1inch9_test.o(.rev16_text), (4 bytes).
    Removing lcd_1inch9_test.o(.revsh_text), (4 bytes).
    Removing lcd_1inch9_test.o(.rrx_text), (6 bytes).
    Removing lcd_1inch9_test.o(i.LCD_1in9_test), (916 bytes).
    Removing lcd_2inch_test.o(.rev16_text), (4 bytes).
    Removing lcd_2inch_test.o(.revsh_text), (4 bytes).
    Removing lcd_2inch_test.o(.rrx_text), (6 bytes).
    Removing lcd_2inch_test.o(i.LCD_2in_test), (632 bytes).
    Removing lcd_2inch4_test.o(.rev16_text), (4 bytes).
    Removing lcd_2inch4_test.o(.revsh_text), (4 bytes).
    Removing lcd_2inch4_test.o(.rrx_text), (6 bytes).
    Removing lcd_2inch4_test.o(i.LCD_2in4_test), (624 bytes).

648 unused section(s) (total 63424 bytes) removed from the image.

==============================================================================

Image Symbol Table

    Local Symbols

    Symbol Name                              Value     Ov Type        Size  Object(Section)

    ../Drivers/STM32F1xx_HAL_Driver/Src/stm32f1xx_hal.c 0x00000000   Number         0  stm32f1xx_hal.o ABSOLUTE
    ../Drivers/STM32F1xx_HAL_Driver/Src/stm32f1xx_hal_cortex.c 0x00000000   Number         0  stm32f1xx_hal_cortex.o ABSOLUTE
    ../Drivers/STM32F1xx_HAL_Driver/Src/stm32f1xx_hal_dma.c 0x00000000   Number         0  stm32f1xx_hal_dma.o ABSOLUTE
    ../Drivers/STM32F1xx_HAL_Driver/Src/stm32f1xx_hal_exti.c 0x00000000   Number         0  stm32f1xx_hal_exti.o ABSOLUTE
    ../Drivers/STM32F1xx_HAL_Driver/Src/stm32f1xx_hal_flash.c 0x00000000   Number         0  stm32f1xx_hal_flash.o ABSOLUTE
    ../Drivers/STM32F1xx_HAL_Driver/Src/stm32f1xx_hal_flash_ex.c 0x00000000   Number         0  stm32f1xx_hal_flash_ex.o ABSOLUTE
    ../Drivers/STM32F1xx_HAL_Driver/Src/stm32f1xx_hal_gpio.c 0x00000000   Number         0  stm32f1xx_hal_gpio.o ABSOLUTE
    ../Drivers/STM32F1xx_HAL_Driver/Src/stm32f1xx_hal_gpio_ex.c 0x00000000   Number         0  stm32f1xx_hal_gpio_ex.o ABSOLUTE
    ../Drivers/STM32F1xx_HAL_Driver/Src/stm32f1xx_hal_pwr.c 0x00000000   Number         0  stm32f1xx_hal_pwr.o ABSOLUTE
    ../Drivers/STM32F1xx_HAL_Driver/Src/stm32f1xx_hal_rcc.c 0x00000000   Number         0  stm32f1xx_hal_rcc.o ABSOLUTE
    ../Drivers/STM32F1xx_HAL_Driver/Src/stm32f1xx_hal_rcc_ex.c 0x00000000   Number         0  stm32f1xx_hal_rcc_ex.o ABSOLUTE
    ../Drivers/STM32F1xx_HAL_Driver/Src/stm32f1xx_hal_spi.c 0x00000000   Number         0  stm32f1xx_hal_spi.o ABSOLUTE
    ../Drivers/STM32F1xx_HAL_Driver/Src/stm32f1xx_hal_tim.c 0x00000000   Number         0  stm32f1xx_hal_tim.o ABSOLUTE
    ../Drivers/STM32F1xx_HAL_Driver/Src/stm32f1xx_hal_tim_ex.c 0x00000000   Number         0  stm32f1xx_hal_tim_ex.o ABSOLUTE
    ../Drivers/STM32F1xx_HAL_Driver/Src/stm32f1xx_hal_uart.c 0x00000000   Number         0  stm32f1xx_hal_uart.o ABSOLUTE
    ../Src/gpio.c                            0x00000000   Number         0  gpio.o ABSOLUTE
    ../Src/main.c                            0x00000000   Number         0  main.o ABSOLUTE
    ../Src/spi.c                             0x00000000   Number         0  spi.o ABSOLUTE
    ../Src/stm32f1xx_hal_msp.c               0x00000000   Number         0  stm32f1xx_hal_msp.o ABSOLUTE
    ../Src/stm32f1xx_it.c                    0x00000000   Number         0  stm32f1xx_it.o ABSOLUTE
    ../Src/system_stm32f1xx.c                0x00000000   Number         0  system_stm32f1xx.o ABSOLUTE
    ../Src/tim.c                             0x00000000   Number         0  tim.o ABSOLUTE
    ../Src/usart.c                           0x00000000   Number         0  usart.o ABSOLUTE
    ../clib/microlib/division.c              0x00000000   Number         0  uidiv.o ABSOLUTE
    ../clib/microlib/division.c              0x00000000   Number         0  uldiv.o ABSOLUTE
    ../clib/microlib/init/entry.s            0x00000000   Number         0  entry10a.o ABSOLUTE
    ../clib/microlib/init/entry.s            0x00000000   Number         0  entry12b.o ABSOLUTE
    ../clib/microlib/init/entry.s            0x00000000   Number         0  entry12a.o ABSOLUTE
    ../clib/microlib/init/entry.s            0x00000000   Number         0  entry11b.o ABSOLUTE
    ../clib/microlib/init/entry.s            0x00000000   Number         0  entry11a.o ABSOLUTE
    ../clib/microlib/init/entry.s            0x00000000   Number         0  entry10b.o ABSOLUTE
    ../clib/microlib/init/entry.s            0x00000000   Number         0  entry8a.o ABSOLUTE
    ../clib/microlib/init/entry.s            0x00000000   Number         0  entry9b.o ABSOLUTE
    ../clib/microlib/init/entry.s            0x00000000   Number         0  entry9a.o ABSOLUTE
    ../clib/microlib/init/entry.s            0x00000000   Number         0  entry8b.o ABSOLUTE
    ../clib/microlib/init/entry.s            0x00000000   Number         0  entry7b.o ABSOLUTE
    ../clib/microlib/init/entry.s            0x00000000   Number         0  entry.o ABSOLUTE
    ../clib/microlib/init/entry.s            0x00000000   Number         0  entry5.o ABSOLUTE
    ../clib/microlib/init/entry.s            0x00000000   Number         0  entry2.o ABSOLUTE
    ../clib/microlib/init/entry.s            0x00000000   Number         0  entry7a.o ABSOLUTE
    ../clib/microlib/longlong.c              0x00000000   Number         0  llsshr.o ABSOLUTE
    ../clib/microlib/longlong.c              0x00000000   Number         0  llushr.o ABSOLUTE
    ../clib/microlib/longlong.c              0x00000000   Number         0  llshl.o ABSOLUTE
    ../clib/microlib/malloc/malloc.c         0x00000000   Number         0  mallocra.o ABSOLUTE
    ../clib/microlib/malloc/malloc.c         0x00000000   Number         0  malloca.o ABSOLUTE
    ../clib/microlib/malloc/malloc.c         0x00000000   Number         0  mallocr.o ABSOLUTE
    ../clib/microlib/malloc/malloc.c         0x00000000   Number         0  malloc.o ABSOLUTE
    ../clib/microlib/malloc/mvars.c          0x00000000   Number         0  mvars.o ABSOLUTE
    ../clib/microlib/printf/printf.c         0x00000000   Number         0  printf1.o ABSOLUTE
    ../clib/microlib/printf/printf.c         0x00000000   Number         0  printf2.o ABSOLUTE
    ../clib/microlib/printf/printf.c         0x00000000   Number         0  printf7.o ABSOLUTE
    ../clib/microlib/printf/printf.c         0x00000000   Number         0  printf6.o ABSOLUTE
    ../clib/microlib/printf/printf.c         0x00000000   Number         0  printfb.o ABSOLUTE
    ../clib/microlib/printf/printf.c         0x00000000   Number         0  printf3.o ABSOLUTE
    ../clib/microlib/printf/printf.c         0x00000000   Number         0  printf0.o ABSOLUTE
    ../clib/microlib/printf/printf.c         0x00000000   Number         0  printf4.o ABSOLUTE
    ../clib/microlib/printf/printf.c         0x00000000   Number         0  printfa.o ABSOLUTE
    ../clib/microlib/printf/printf.c         0x00000000   Number         0  printf8.o ABSOLUTE
    ../clib/microlib/printf/printf.c         0x00000000   Number         0  printf5.o ABSOLUTE
    ../clib/microlib/printf/stubs.s          0x00000000   Number         0  stubs.o ABSOLUTE
    ../clib/microlib/stdio/streams.c         0x00000000   Number         0  stdout.o ABSOLUTE
    ../clib/microlib/string/memcpy.c         0x00000000   Number         0  memcpya.o ABSOLUTE
    ../clib/microlib/string/memcpy.c         0x00000000   Number         0  memcpyb.o ABSOLUTE
    ../clib/microlib/string/memset.c         0x00000000   Number         0  memseta.o ABSOLUTE
    ../clib/microlib/string/strlen.c         0x00000000   Number         0  strlen.o ABSOLUTE
    ../clib/microlib/stubs.s                 0x00000000   Number         0  iusefp.o ABSOLUTE
    ../fplib/microlib/fpadd.c                0x00000000   Number         0  dadd.o ABSOLUTE
    ../fplib/microlib/fpdiv.c                0x00000000   Number         0  ddiv.o ABSOLUTE
    ../fplib/microlib/fpepilogue.c           0x00000000   Number         0  depilogue.o ABSOLUTE
    ../fplib/microlib/fpfix.c                0x00000000   Number         0  dfixul.o ABSOLUTE
    ../fplib/microlib/fpmul.c                0x00000000   Number         0  dmul.o ABSOLUTE
    ..\Drivers\STM32F1xx_HAL_Driver\Src\stm32f1xx_hal.c 0x00000000   Number         0  stm32f1xx_hal.o ABSOLUTE
    ..\Drivers\STM32F1xx_HAL_Driver\Src\stm32f1xx_hal_cortex.c 0x00000000   Number         0  stm32f1xx_hal_cortex.o ABSOLUTE
    ..\Drivers\STM32F1xx_HAL_Driver\Src\stm32f1xx_hal_dma.c 0x00000000   Number         0  stm32f1xx_hal_dma.o ABSOLUTE
    ..\Drivers\STM32F1xx_HAL_Driver\Src\stm32f1xx_hal_exti.c 0x00000000   Number         0  stm32f1xx_hal_exti.o ABSOLUTE
    ..\Drivers\STM32F1xx_HAL_Driver\Src\stm32f1xx_hal_flash.c 0x00000000   Number         0  stm32f1xx_hal_flash.o ABSOLUTE
    ..\Drivers\STM32F1xx_HAL_Driver\Src\stm32f1xx_hal_flash_ex.c 0x00000000   Number         0  stm32f1xx_hal_flash_ex.o ABSOLUTE
    ..\Drivers\STM32F1xx_HAL_Driver\Src\stm32f1xx_hal_gpio.c 0x00000000   Number         0  stm32f1xx_hal_gpio.o ABSOLUTE
    ..\Drivers\STM32F1xx_HAL_Driver\Src\stm32f1xx_hal_gpio_ex.c 0x00000000   Number         0  stm32f1xx_hal_gpio_ex.o ABSOLUTE
    ..\Drivers\STM32F1xx_HAL_Driver\Src\stm32f1xx_hal_pwr.c 0x00000000   Number         0  stm32f1xx_hal_pwr.o ABSOLUTE
    ..\Drivers\STM32F1xx_HAL_Driver\Src\stm32f1xx_hal_rcc.c 0x00000000   Number         0  stm32f1xx_hal_rcc.o ABSOLUTE
    ..\Drivers\STM32F1xx_HAL_Driver\Src\stm32f1xx_hal_rcc_ex.c 0x00000000   Number         0  stm32f1xx_hal_rcc_ex.o ABSOLUTE
    ..\Drivers\STM32F1xx_HAL_Driver\Src\stm32f1xx_hal_spi.c 0x00000000   Number         0  stm32f1xx_hal_spi.o ABSOLUTE
    ..\Drivers\STM32F1xx_HAL_Driver\Src\stm32f1xx_hal_tim.c 0x00000000   Number         0  stm32f1xx_hal_tim.o ABSOLUTE
    ..\Drivers\STM32F1xx_HAL_Driver\Src\stm32f1xx_hal_tim_ex.c 0x00000000   Number         0  stm32f1xx_hal_tim_ex.o ABSOLUTE
    ..\Drivers\STM32F1xx_HAL_Driver\Src\stm32f1xx_hal_uart.c 0x00000000   Number         0  stm32f1xx_hal_uart.o ABSOLUTE
    ..\Src\gpio.c                            0x00000000   Number         0  gpio.o ABSOLUTE
    ..\Src\main.c                            0x00000000   Number         0  main.o ABSOLUTE
    ..\Src\spi.c                             0x00000000   Number         0  spi.o ABSOLUTE
    ..\Src\stm32f1xx_hal_msp.c               0x00000000   Number         0  stm32f1xx_hal_msp.o ABSOLUTE
    ..\Src\stm32f1xx_it.c                    0x00000000   Number         0  stm32f1xx_it.o ABSOLUTE
    ..\Src\system_stm32f1xx.c                0x00000000   Number         0  system_stm32f1xx.o ABSOLUTE
    ..\Src\tim.c                             0x00000000   Number         0  tim.o ABSOLUTE
    ..\Src\usart.c                           0x00000000   Number         0  usart.o ABSOLUTE
    ..\User\Config\DEV_Config.c              0x00000000   Number         0  dev_config.o ABSOLUTE
    ..\User\Fonts\font12.c                   0x00000000   Number         0  font12.o ABSOLUTE
    ..\User\Fonts\font12CN.c                 0x00000000   Number         0  font12cn.o ABSOLUTE
    ..\User\Fonts\font16.c                   0x00000000   Number         0  font16.o ABSOLUTE
    ..\User\Fonts\font20.c                   0x00000000   Number         0  font20.o ABSOLUTE
    ..\User\Fonts\font24.c                   0x00000000   Number         0  font24.o ABSOLUTE
    ..\User\Fonts\font24CN.c                 0x00000000   Number         0  font24cn.o ABSOLUTE
    ..\User\Fonts\font8.c                    0x00000000   Number         0  font8.o ABSOLUTE
    ..\User\GUI_DEV\GUI_Paint.c              0x00000000   Number         0  gui_paint.o ABSOLUTE
    ..\User\LCD\LCD_0in96.c                  0x00000000   Number         0  lcd_0in96.o ABSOLUTE
    ..\User\LCD\LCD_1in14.c                  0x00000000   Number         0  lcd_1in14.o ABSOLUTE
    ..\User\LCD\LCD_1in3.c                   0x00000000   Number         0  lcd_1in3.o ABSOLUTE
    ..\User\LCD\LCD_1in47.c                  0x00000000   Number         0  lcd_1in47.o ABSOLUTE
    ..\User\LCD\LCD_1in54.c                  0x00000000   Number         0  lcd_1in54.o ABSOLUTE
    ..\User\LCD\LCD_1in69.c                  0x00000000   Number         0  lcd_1in69.o ABSOLUTE
    ..\User\LCD\LCD_1in8.c                   0x00000000   Number         0  lcd_1in8.o ABSOLUTE
    ..\User\LCD\LCD_1in9.c                   0x00000000   Number         0  lcd_1in9.o ABSOLUTE
    ..\User\LCD\LCD_1inch28.c                0x00000000   Number         0  lcd_1inch28.o ABSOLUTE
    ..\User\LCD\LCD_2inch.c                  0x00000000   Number         0  lcd_2inch.o ABSOLUTE
    ..\User\LCD\LCD_2inch4.c                 0x00000000   Number         0  lcd_2inch4.o ABSOLUTE
    ..\User\example\LCD_0inch96_test.c       0x00000000   Number         0  lcd_0inch96_test.o ABSOLUTE
    ..\User\example\LCD_1inch14_test.c       0x00000000   Number         0  lcd_1inch14_test.o ABSOLUTE
    ..\User\example\LCD_1inch28_test.c       0x00000000   Number         0  lcd_1inch28_test.o ABSOLUTE
    ..\User\example\LCD_1inch3_test.c        0x00000000   Number         0  lcd_1inch3_test.o ABSOLUTE
    ..\User\example\LCD_1inch47_test.c       0x00000000   Number         0  lcd_1inch47_test.o ABSOLUTE
    ..\User\example\LCD_1inch54_test.c       0x00000000   Number         0  lcd_1inch54_test.o ABSOLUTE
    ..\User\example\LCD_1inch69_test.c       0x00000000   Number         0  lcd_1inch69_test.o ABSOLUTE
    ..\User\example\LCD_1inch8_test.c        0x00000000   Number         0  lcd_1inch8_test.o ABSOLUTE
    ..\User\example\LCD_1inch9_test.c        0x00000000   Number         0  lcd_1inch9_test.o ABSOLUTE
    ..\User\example\LCD_2inch4_test.c        0x00000000   Number         0  lcd_2inch4_test.o ABSOLUTE
    ..\User\example\LCD_2inch_test.c         0x00000000   Number         0  lcd_2inch_test.o ABSOLUTE
    ..\User\image\image.c                    0x00000000   Number         0  image.o ABSOLUTE
    ..\\User\\Config\\DEV_Config.c           0x00000000   Number         0  dev_config.o ABSOLUTE
    ..\\User\\GUI_DEV\\GUI_Paint.c           0x00000000   Number         0  gui_paint.o ABSOLUTE
    ..\\User\\LCD\\LCD_0in96.c               0x00000000   Number         0  lcd_0in96.o ABSOLUTE
    ..\\User\\LCD\\LCD_1in14.c               0x00000000   Number         0  lcd_1in14.o ABSOLUTE
    ..\\User\\LCD\\LCD_1in3.c                0x00000000   Number         0  lcd_1in3.o ABSOLUTE
    ..\\User\\LCD\\LCD_1in47.c               0x00000000   Number         0  lcd_1in47.o ABSOLUTE
    ..\\User\\LCD\\LCD_1in54.c               0x00000000   Number         0  lcd_1in54.o ABSOLUTE
    ..\\User\\LCD\\LCD_1in69.c               0x00000000   Number         0  lcd_1in69.o ABSOLUTE
    ..\\User\\LCD\\LCD_1in8.c                0x00000000   Number         0  lcd_1in8.o ABSOLUTE
    ..\\User\\LCD\\LCD_1in9.c                0x00000000   Number         0  lcd_1in9.o ABSOLUTE
    ..\\User\\LCD\\LCD_1inch28.c             0x00000000   Number         0  lcd_1inch28.o ABSOLUTE
    ..\\User\\LCD\\LCD_2inch.c               0x00000000   Number         0  lcd_2inch.o ABSOLUTE
    ..\\User\\LCD\\LCD_2inch4.c              0x00000000   Number         0  lcd_2inch4.o ABSOLUTE
    ..\\User\\example\\LCD_0inch96_test.c    0x00000000   Number         0  lcd_0inch96_test.o ABSOLUTE
    ..\\User\\example\\LCD_1inch14_test.c    0x00000000   Number         0  lcd_1inch14_test.o ABSOLUTE
    ..\\User\\example\\LCD_1inch28_test.c    0x00000000   Number         0  lcd_1inch28_test.o ABSOLUTE
    ..\\User\\example\\LCD_1inch3_test.c     0x00000000   Number         0  lcd_1inch3_test.o ABSOLUTE
    ..\\User\\example\\LCD_1inch47_test.c    0x00000000   Number         0  lcd_1inch47_test.o ABSOLUTE
    ..\\User\\example\\LCD_1inch54_test.c    0x00000000   Number         0  lcd_1inch54_test.o ABSOLUTE
    ..\\User\\example\\LCD_1inch69_test.c    0x00000000   Number         0  lcd_1inch69_test.o ABSOLUTE
    ..\\User\\example\\LCD_1inch8_test.c     0x00000000   Number         0  lcd_1inch8_test.o ABSOLUTE
    ..\\User\\example\\LCD_1inch9_test.c     0x00000000   Number         0  lcd_1inch9_test.o ABSOLUTE
    ..\\User\\example\\LCD_2inch4_test.c     0x00000000   Number         0  lcd_2inch4_test.o ABSOLUTE
    ..\\User\\example\\LCD_2inch_test.c      0x00000000   Number         0  lcd_2inch_test.o ABSOLUTE
    cdrcmple.s                               0x00000000   Number         0  cdrcmple.o ABSOLUTE
    dc.s                                     0x00000000   Number         0  dc.o ABSOLUTE
    handlers.s                               0x00000000   Number         0  handlers.o ABSOLUTE
    init.s                                   0x00000000   Number         0  init.o ABSOLUTE
    startup_stm32f103xb.s                    0x00000000   Number         0  startup_stm32f103xb.o ABSOLUTE
    RESET                                    0x08000000   Section      236  startup_stm32f103xb.o(RESET)
    .ARM.Collect$$$$00000000                 0x080000ec   Section        0  entry.o(.ARM.Collect$$$$00000000)
    .ARM.Collect$$$$00000001                 0x080000ec   Section        4  entry2.o(.ARM.Collect$$$$00000001)
    .ARM.Collect$$$$00000004                 0x080000f0   Section        4  entry5.o(.ARM.Collect$$$$00000004)
    .ARM.Collect$$$$00000008                 0x080000f4   Section        0  entry7b.o(.ARM.Collect$$$$00000008)
    .ARM.Collect$$$$0000000A                 0x080000f4   Section        0  entry8b.o(.ARM.Collect$$$$0000000A)
    .ARM.Collect$$$$0000000B                 0x080000f4   Section        8  entry9a.o(.ARM.Collect$$$$0000000B)
    .ARM.Collect$$$$0000000E                 0x080000fc   Section        4  entry12b.o(.ARM.Collect$$$$0000000E)
    .ARM.Collect$$$$0000000F                 0x08000100   Section        0  entry10a.o(.ARM.Collect$$$$0000000F)
    .ARM.Collect$$$$00000011                 0x08000100   Section        0  entry11a.o(.ARM.Collect$$$$00000011)
    .ARM.Collect$$$$00002712                 0x08000100   Section        4  entry2.o(.ARM.Collect$$$$00002712)
    __lit__00000000                          0x08000100   Data           4  entry2.o(.ARM.Collect$$$$00002712)
    .text                                    0x08000104   Section       36  startup_stm32f103xb.o(.text)
    .text                                    0x08000128   Section        0  llushr.o(.text)
    .text                                    0x08000148   Section        0  memcpya.o(.text)
    .text                                    0x0800016c   Section        0  memseta.o(.text)
    .text                                    0x08000190   Section        0  strlen.o(.text)
    .text                                    0x0800019e   Section        0  uidiv.o(.text)
    .text                                    0x080001ca   Section        0  uldiv.o(.text)
    .text                                    0x0800022c   Section        0  iusefp.o(.text)
    .text                                    0x0800022c   Section        0  dadd.o(.text)
    .text                                    0x0800037a   Section        0  dmul.o(.text)
    .text                                    0x0800045e   Section        0  ddiv.o(.text)
    .text                                    0x0800053c   Section        0  dfixul.o(.text)
    .text                                    0x0800056c   Section       48  cdrcmple.o(.text)
    .text                                    0x0800059c   Section       36  init.o(.text)
    .text                                    0x080005c0   Section        0  llshl.o(.text)
    .text                                    0x080005de   Section        0  llsshr.o(.text)
    .text                                    0x08000602   Section        0  depilogue.o(.text)
    i.BusFault_Handler                       0x080006bc   Section        0  stm32f1xx_it.o(i.BusFault_Handler)
    i.DEV_Module_Exit                        0x080006c0   Section        0  dev_config.o(i.DEV_Module_Exit)
    i.DEV_Module_Init                        0x080006fc   Section        0  dev_config.o(i.DEV_Module_Init)
    i.DEV_SPI_WRite                          0x08000738   Section        0  dev_config.o(i.DEV_SPI_WRite)
    i.DebugMon_Handler                       0x08000750   Section        0  stm32f1xx_it.o(i.DebugMon_Handler)
    i.Error_Handler                          0x08000752   Section        0  main.o(i.Error_Handler)
    i.HAL_Delay                              0x08000754   Section        0  stm32f1xx_hal.o(i.HAL_Delay)
    i.HAL_GPIO_Init                          0x08000778   Section        0  stm32f1xx_hal_gpio.o(i.HAL_GPIO_Init)
    i.HAL_GPIO_WritePin                      0x08000958   Section        0  stm32f1xx_hal_gpio.o(i.HAL_GPIO_WritePin)
    i.HAL_GetTick                            0x08000964   Section        0  stm32f1xx_hal.o(i.HAL_GetTick)
    i.HAL_IncTick                            0x08000970   Section        0  stm32f1xx_hal.o(i.HAL_IncTick)
    i.HAL_Init                               0x08000980   Section        0  stm32f1xx_hal.o(i.HAL_Init)
    i.HAL_InitTick                           0x080009a4   Section        0  stm32f1xx_hal.o(i.HAL_InitTick)
    i.HAL_MspInit                            0x080009e4   Section        0  stm32f1xx_hal_msp.o(i.HAL_MspInit)
    i.HAL_NVIC_SetPriority                   0x08000a20   Section        0  stm32f1xx_hal_cortex.o(i.HAL_NVIC_SetPriority)
    i.HAL_NVIC_SetPriorityGrouping           0x08000a60   Section        0  stm32f1xx_hal_cortex.o(i.HAL_NVIC_SetPriorityGrouping)
    i.HAL_RCC_ClockConfig                    0x08000a84   Section        0  stm32f1xx_hal_rcc.o(i.HAL_RCC_ClockConfig)
    i.HAL_RCC_GetPCLK1Freq                   0x08000bb0   Section        0  stm32f1xx_hal_rcc.o(i.HAL_RCC_GetPCLK1Freq)
    i.HAL_RCC_GetPCLK2Freq                   0x08000bd0   Section        0  stm32f1xx_hal_rcc.o(i.HAL_RCC_GetPCLK2Freq)
    i.HAL_RCC_GetSysClockFreq                0x08000bf0   Section        0  stm32f1xx_hal_rcc.o(i.HAL_RCC_GetSysClockFreq)
    i.HAL_RCC_OscConfig                      0x08000c5c   Section        0  stm32f1xx_hal_rcc.o(i.HAL_RCC_OscConfig)
    i.HAL_SPI_Init                           0x08000f7c   Section        0  stm32f1xx_hal_spi.o(i.HAL_SPI_Init)
    i.HAL_SPI_MspInit                        0x08000ff8   Section        0  spi.o(i.HAL_SPI_MspInit)
    i.HAL_SPI_Transmit                       0x08001068   Section        0  stm32f1xx_hal_spi.o(i.HAL_SPI_Transmit)
    i.HAL_SYSTICK_Config                     0x080011c4   Section        0  stm32f1xx_hal_cortex.o(i.HAL_SYSTICK_Config)
    i.HAL_TIMEx_MasterConfigSynchronization  0x080011ec   Section        0  stm32f1xx_hal_tim_ex.o(i.HAL_TIMEx_MasterConfigSynchronization)
    i.HAL_TIM_MspPostInit                    0x08001230   Section        0  tim.o(i.HAL_TIM_MspPostInit)
    i.HAL_TIM_PWM_ConfigChannel              0x08001290   Section        0  stm32f1xx_hal_tim.o(i.HAL_TIM_PWM_ConfigChannel)
    i.HAL_TIM_PWM_Init                       0x08001360   Section        0  stm32f1xx_hal_tim.o(i.HAL_TIM_PWM_Init)
    i.HAL_TIM_PWM_MspInit                    0x08001398   Section        0  tim.o(i.HAL_TIM_PWM_MspInit)
    i.HAL_TIM_PWM_Start                      0x080013c0   Section        0  stm32f1xx_hal_tim.o(i.HAL_TIM_PWM_Start)
    i.HAL_TIM_PWM_Stop                       0x080013f8   Section        0  stm32f1xx_hal_tim.o(i.HAL_TIM_PWM_Stop)
    i.HAL_UART_Init                          0x0800144c   Section        0  stm32f1xx_hal_uart.o(i.HAL_UART_Init)
    i.HAL_UART_MspInit                       0x080014b0   Section        0  usart.o(i.HAL_UART_MspInit)
    i.HAL_UART_Transmit                      0x08001520   Section        0  stm32f1xx_hal_uart.o(i.HAL_UART_Transmit)
    i.HardFault_Handler                      0x080015da   Section        0  stm32f1xx_it.o(i.HardFault_Handler)
    i.LCD_1IN69_Clear                        0x080015dc   Section        0  lcd_1in69.o(i.LCD_1IN69_Clear)
    i.LCD_1IN69_DrawPoint                    0x08001630   Section        0  lcd_1in69.o(i.LCD_1IN69_DrawPoint)
    i.LCD_1IN69_Init                         0x08001674   Section        0  lcd_1in69.o(i.LCD_1IN69_Init)
    i.LCD_1IN69_InitReg                      0x080016e4   Section        0  lcd_1in69.o(i.LCD_1IN69_InitReg)
    LCD_1IN69_InitReg                        0x080016e5   Thumb Code   408  lcd_1in69.o(i.LCD_1IN69_InitReg)
    i.LCD_1IN69_SendCommand                  0x0800187c   Section        0  lcd_1in69.o(i.LCD_1IN69_SendCommand)
    LCD_1IN69_SendCommand                    0x0800187d   Thumb Code    36  lcd_1in69.o(i.LCD_1IN69_SendCommand)
    i.LCD_1IN69_SendData_8Bit                0x080018a8   Section        0  lcd_1in69.o(i.LCD_1IN69_SendData_8Bit)
    LCD_1IN69_SendData_8Bit                  0x080018a9   Thumb Code    24  lcd_1in69.o(i.LCD_1IN69_SendData_8Bit)
    i.LCD_1IN69_SetBackLight                 0x080018c4   Section        0  lcd_1in69.o(i.LCD_1IN69_SetBackLight)
    i.LCD_1IN69_SetWindows                   0x080018d0   Section        0  lcd_1in69.o(i.LCD_1IN69_SetWindows)
    i.LCD_1in69_test                         0x08001978   Section        0  lcd_1inch69_test.o(i.LCD_1in69_test)
    i.MX_GPIO_Init                           0x08001d04   Section        0  gpio.o(i.MX_GPIO_Init)
    i.MX_SPI1_Init                           0x08001dac   Section        0  spi.o(i.MX_SPI1_Init)
    i.MX_TIM3_Init                           0x08001df4   Section        0  tim.o(i.MX_TIM3_Init)
    i.MX_USART2_UART_Init                    0x08001e68   Section        0  usart.o(i.MX_USART2_UART_Init)
    i.MemManage_Handler                      0x08001ea0   Section        0  stm32f1xx_it.o(i.MemManage_Handler)
    i.NMI_Handler                            0x08001ea2   Section        0  stm32f1xx_it.o(i.NMI_Handler)
    i.Paint_Clear                            0x08001ea4   Section        0  gui_paint.o(i.Paint_Clear)
    i.Paint_DrawChar                         0x08001eb0   Section        0  gui_paint.o(i.Paint_DrawChar)
    i.Paint_DrawCircle                       0x08001fa8   Section        0  gui_paint.o(i.Paint_DrawCircle)
    i.Paint_DrawFloatNum                     0x080021c4   Section        0  gui_paint.o(i.Paint_DrawFloatNum)
    i.Paint_DrawImage                        0x08002250   Section        0  gui_paint.o(i.Paint_DrawImage)
    i.Paint_DrawLine                         0x080022b0   Section        0  gui_paint.o(i.Paint_DrawLine)
    i.Paint_DrawPoint                        0x080023c4   Section        0  gui_paint.o(i.Paint_DrawPoint)
    i.Paint_DrawRectangle                    0x0800246c   Section        0  gui_paint.o(i.Paint_DrawRectangle)
    i.Paint_DrawString_CN                    0x08002554   Section        0  gui_paint.o(i.Paint_DrawString_CN)
    i.Paint_DrawString_EN                    0x080026ec   Section        0  gui_paint.o(i.Paint_DrawString_EN)
    i.Paint_NewImage                         0x08002768   Section        0  gui_paint.o(i.Paint_NewImage)
    i.Paint_SetClearFuntion                  0x080027cc   Section        0  gui_paint.o(i.Paint_SetClearFuntion)
    i.Paint_SetDisplayFuntion                0x080027d8   Section        0  gui_paint.o(i.Paint_SetDisplayFuntion)
    i.Paint_SetPixel                         0x080027e4   Section        0  gui_paint.o(i.Paint_SetPixel)
    i.Paint_SetRotate                        0x080028ac   Section        0  gui_paint.o(i.Paint_SetRotate)
    i.PendSV_Handler                         0x08002920   Section        0  stm32f1xx_it.o(i.PendSV_Handler)
    i.SPI_EndRxTxTransaction                 0x08002922   Section        0  stm32f1xx_hal_spi.o(i.SPI_EndRxTxTransaction)
    SPI_EndRxTxTransaction                   0x08002923   Thumb Code    32  stm32f1xx_hal_spi.o(i.SPI_EndRxTxTransaction)
    i.SPI_WaitFlagStateUntilTimeout          0x08002942   Section        0  stm32f1xx_hal_spi.o(i.SPI_WaitFlagStateUntilTimeout)
    SPI_WaitFlagStateUntilTimeout            0x08002943   Thumb Code   148  stm32f1xx_hal_spi.o(i.SPI_WaitFlagStateUntilTimeout)
    i.SVC_Handler                            0x080029d6   Section        0  stm32f1xx_it.o(i.SVC_Handler)
    i.SysTick_Handler                        0x080029d8   Section        0  stm32f1xx_it.o(i.SysTick_Handler)
    i.SystemClock_Config                     0x080029dc   Section        0  main.o(i.SystemClock_Config)
    i.SystemInit                             0x08002a2c   Section        0  system_stm32f1xx.o(i.SystemInit)
    i.TIM_Base_SetConfig                     0x08002a74   Section        0  stm32f1xx_hal_tim.o(i.TIM_Base_SetConfig)
    i.TIM_CCxChannelCmd                      0x08002ae0   Section        0  stm32f1xx_hal_tim.o(i.TIM_CCxChannelCmd)
    i.TIM_OC1_SetConfig                      0x08002afc   Section        0  stm32f1xx_hal_tim.o(i.TIM_OC1_SetConfig)
    TIM_OC1_SetConfig                        0x08002afd   Thumb Code    74  stm32f1xx_hal_tim.o(i.TIM_OC1_SetConfig)
    i.TIM_OC2_SetConfig                      0x08002b4c   Section        0  stm32f1xx_hal_tim.o(i.TIM_OC2_SetConfig)
    i.TIM_OC3_SetConfig                      0x08002ba4   Section        0  stm32f1xx_hal_tim.o(i.TIM_OC3_SetConfig)
    TIM_OC3_SetConfig                        0x08002ba5   Thumb Code    82  stm32f1xx_hal_tim.o(i.TIM_OC3_SetConfig)
    i.TIM_OC4_SetConfig                      0x08002bfc   Section        0  stm32f1xx_hal_tim.o(i.TIM_OC4_SetConfig)
    TIM_OC4_SetConfig                        0x08002bfd   Thumb Code    64  stm32f1xx_hal_tim.o(i.TIM_OC4_SetConfig)
    i.UART_SetConfig                         0x08002c40   Section        0  stm32f1xx_hal_uart.o(i.UART_SetConfig)
    UART_SetConfig                           0x08002c41   Thumb Code   178  stm32f1xx_hal_uart.o(i.UART_SetConfig)
    i.UART_WaitOnFlagUntilTimeout            0x08002cf8   Section        0  stm32f1xx_hal_uart.o(i.UART_WaitOnFlagUntilTimeout)
    UART_WaitOnFlagUntilTimeout              0x08002cf9   Thumb Code   100  stm32f1xx_hal_uart.o(i.UART_WaitOnFlagUntilTimeout)
    i.UsageFault_Handler                     0x08002d5c   Section        0  stm32f1xx_it.o(i.UsageFault_Handler)
    i.__0printf                              0x08002d60   Section        0  printfa.o(i.__0printf)
    i.__0sprintf                             0x08002d80   Section        0  printfa.o(i.__0sprintf)
    i.__NVIC_SetPriority                     0x08002da8   Section        0  stm32f1xx_hal_cortex.o(i.__NVIC_SetPriority)
    __NVIC_SetPriority                       0x08002da9   Thumb Code    32  stm32f1xx_hal_cortex.o(i.__NVIC_SetPriority)
    i.__scatterload_copy                     0x08002dc8   Section       14  handlers.o(i.__scatterload_copy)
    i.__scatterload_null                     0x08002dd6   Section        2  handlers.o(i.__scatterload_null)
    i.__scatterload_zeroinit                 0x08002dd8   Section       14  handlers.o(i.__scatterload_zeroinit)
    i._fp_digits                             0x08002de8   Section        0  printfa.o(i._fp_digits)
    _fp_digits                               0x08002de9   Thumb Code   366  printfa.o(i._fp_digits)
    i._printf_core                           0x08002f6c   Section        0  printfa.o(i._printf_core)
    _printf_core                             0x08002f6d   Thumb Code  1704  printfa.o(i._printf_core)
    i._printf_post_padding                   0x08003620   Section        0  printfa.o(i._printf_post_padding)
    _printf_post_padding                     0x08003621   Thumb Code    36  printfa.o(i._printf_post_padding)
    i._printf_pre_padding                    0x08003644   Section        0  printfa.o(i._printf_pre_padding)
    _printf_pre_padding                      0x08003645   Thumb Code    46  printfa.o(i._printf_pre_padding)
    i._sputc                                 0x08003672   Section        0  printfa.o(i._sputc)
    _sputc                                   0x08003673   Thumb Code    10  printfa.o(i._sputc)
    i.fputc                                  0x0800367c   Section        0  usart.o(i.fputc)
    i.free                                   0x08003694   Section        0  malloc.o(i.free)
    i.main                                   0x080036e4   Section        0  main.o(i.main)
    i.malloc                                 0x08003704   Section        0  malloc.o(i.malloc)
    .constdata                               0x08003770   Section       16  system_stm32f1xx.o(.constdata)
    .constdata                               0x08003780   Section        8  system_stm32f1xx.o(.constdata)
    .constdata                               0x08003788   Section     1140  font12.o(.constdata)
    .constdata                               0x08003bfc   Section     6840  font24.o(.constdata)
    .constdata                               0x080056b4   Section     4482  font24cn.o(.constdata)
    .constdata                               0x08006836   Section     7200  image.o(.constdata)
    .conststring                             0x08008458   Section      205  gui_paint.o(.conststring)
    .data                                    0x20000000   Section       12  stm32f1xx_hal.o(.data)
    .data                                    0x2000000c   Section        4  system_stm32f1xx.o(.data)
    .data                                    0x20000010   Section        8  gui_paint.o(.data)
    .data                                    0x20000018   Section        8  font12.o(.data)
    .data                                    0x20000020   Section        8  font24.o(.data)
    .data                                    0x20000028   Section       12  font24cn.o(.data)
    .data                                    0x20000034   Section        6  lcd_1in69.o(.data)
    .data                                    0x2000003c   Section        4  stdout.o(.data)
    .data                                    0x20000040   Section        4  mvars.o(.data)
    .data                                    0x20000044   Section        4  mvars.o(.data)
    .bss                                     0x20000048   Section       88  spi.o(.bss)
    .bss                                     0x200000a0   Section       64  tim.o(.bss)
    .bss                                     0x200000e0   Section       64  usart.o(.bss)
    .bss                                     0x20000120   Section       24  gui_paint.o(.bss)
    HEAP                                     0x20000138   Section      512  startup_stm32f103xb.o(HEAP)
    STACK                                    0x20000338   Section     1024  startup_stm32f103xb.o(STACK)

    Global Symbols

    Symbol Name                              Value     Ov Type        Size  Object(Section)

    BuildAttributes$$THM_ISAv4$P$D$K$B$S$PE$A:L22UL41UL21$X:L11$S22US41US21$IEEE1$IW$USESV6$~STKCKD$USESV7$~SHL$OSPACE$ROPI$EBA8$MICROLIB$REQ8$PRES8$EABIv2 0x00000000   Number         0  anon$$obj.o ABSOLUTE
    __ARM_use_no_argv                        0x00000000   Number         0  main.o ABSOLUTE
    _printf_a                                0x00000000   Number         0  stubs.o ABSOLUTE
    _printf_c                                0x00000000   Number         0  stubs.o ABSOLUTE
    _printf_charcount                        0x00000000   Number         0  stubs.o ABSOLUTE
    _printf_d                                0x00000000   Number         0  stubs.o ABSOLUTE
    _printf_e                                0x00000000   Number         0  stubs.o ABSOLUTE
    _printf_f                                0x00000000   Number         0  stubs.o ABSOLUTE
    _printf_flags                            0x00000000   Number         0  stubs.o ABSOLUTE
    _printf_fp_dec                           0x00000000   Number         0  stubs.o ABSOLUTE
    _printf_fp_hex                           0x00000000   Number         0  stubs.o ABSOLUTE
    _printf_g                                0x00000000   Number         0  stubs.o ABSOLUTE
    _printf_i                                0x00000000   Number         0  stubs.o ABSOLUTE
    _printf_int_dec                          0x00000000   Number         0  stubs.o ABSOLUTE
    _printf_l                                0x00000000   Number         0  stubs.o ABSOLUTE
    _printf_lc                               0x00000000   Number         0  stubs.o ABSOLUTE
    _printf_ll                               0x00000000   Number         0  stubs.o ABSOLUTE
    _printf_lld                              0x00000000   Number         0  stubs.o ABSOLUTE
    _printf_lli                              0x00000000   Number         0  stubs.o ABSOLUTE
    _printf_llo                              0x00000000   Number         0  stubs.o ABSOLUTE
    _printf_llu                              0x00000000   Number         0  stubs.o ABSOLUTE
    _printf_llx                              0x00000000   Number         0  stubs.o ABSOLUTE
    _printf_longlong_dec                     0x00000000   Number         0  stubs.o ABSOLUTE
    _printf_longlong_hex                     0x00000000   Number         0  stubs.o ABSOLUTE
    _printf_longlong_oct                     0x00000000   Number         0  stubs.o ABSOLUTE
    _printf_ls                               0x00000000   Number         0  stubs.o ABSOLUTE
    _printf_mbtowc                           0x00000000   Number         0  stubs.o ABSOLUTE
    _printf_n                                0x00000000   Number         0  stubs.o ABSOLUTE
    _printf_o                                0x00000000   Number         0  stubs.o ABSOLUTE
    _printf_p                                0x00000000   Number         0  stubs.o ABSOLUTE
    _printf_percent                          0x00000000   Number         0  stubs.o ABSOLUTE
    _printf_pre_padding                      0x00000000   Number         0  stubs.o ABSOLUTE
    _printf_return_value                     0x00000000   Number         0  stubs.o ABSOLUTE
    _printf_s                                0x00000000   Number         0  stubs.o ABSOLUTE
    _printf_sizespec                         0x00000000   Number         0  stubs.o ABSOLUTE
    _printf_str                              0x00000000   Number         0  stubs.o ABSOLUTE
    _printf_truncate_signed                  0x00000000   Number         0  stubs.o ABSOLUTE
    _printf_truncate_unsigned                0x00000000   Number         0  stubs.o ABSOLUTE
    _printf_u                                0x00000000   Number         0  stubs.o ABSOLUTE
    _printf_wc                               0x00000000   Number         0  stubs.o ABSOLUTE
    _printf_wctomb                           0x00000000   Number         0  stubs.o ABSOLUTE
    _printf_widthprec                        0x00000000   Number         0  stubs.o ABSOLUTE
    _printf_x                                0x00000000   Number         0  stubs.o ABSOLUTE
    __arm_fini_                               - Undefined Weak Reference
    __cpp_initialize__aeabi_                  - Undefined Weak Reference
    __cxa_finalize                            - Undefined Weak Reference
    __decompress                              - Undefined Weak Reference
    _clock_init                               - Undefined Weak Reference
    _microlib_exit                            - Undefined Weak Reference
    __Vectors_Size                           0x000000ec   Number         0  startup_stm32f103xb.o ABSOLUTE
    __Vectors                                0x08000000   Data           4  startup_stm32f103xb.o(RESET)
    __Vectors_End                            0x080000ec   Data           0  startup_stm32f103xb.o(RESET)
    __main                                   0x080000ed   Thumb Code     0  entry.o(.ARM.Collect$$$$00000000)
    _main_stk                                0x080000ed   Thumb Code     0  entry2.o(.ARM.Collect$$$$00000001)
    _main_scatterload                        0x080000f1   Thumb Code     0  entry5.o(.ARM.Collect$$$$00000004)
    __main_after_scatterload                 0x080000f5   Thumb Code     0  entry5.o(.ARM.Collect$$$$00000004)
    _main_clock                              0x080000f5   Thumb Code     0  entry7b.o(.ARM.Collect$$$$00000008)
    _main_cpp_init                           0x080000f5   Thumb Code     0  entry8b.o(.ARM.Collect$$$$0000000A)
    _main_init                               0x080000f5   Thumb Code     0  entry9a.o(.ARM.Collect$$$$0000000B)
    __rt_lib_shutdown_fini                   0x080000fd   Thumb Code     0  entry12b.o(.ARM.Collect$$$$0000000E)
    __rt_final_cpp                           0x08000101   Thumb Code     0  entry10a.o(.ARM.Collect$$$$0000000F)
    __rt_final_exit                          0x08000101   Thumb Code     0  entry11a.o(.ARM.Collect$$$$00000011)
    Reset_Handler                            0x08000105   Thumb Code     8  startup_stm32f103xb.o(.text)
    ADC1_2_IRQHandler                        0x0800011f   Thumb Code     0  startup_stm32f103xb.o(.text)
    CAN1_RX1_IRQHandler                      0x0800011f   Thumb Code     0  startup_stm32f103xb.o(.text)
    CAN1_SCE_IRQHandler                      0x0800011f   Thumb Code     0  startup_stm32f103xb.o(.text)
    DMA1_Channel1_IRQHandler                 0x0800011f   Thumb Code     0  startup_stm32f103xb.o(.text)
    DMA1_Channel2_IRQHandler                 0x0800011f   Thumb Code     0  startup_stm32f103xb.o(.text)
    DMA1_Channel3_IRQHandler                 0x0800011f   Thumb Code     0  startup_stm32f103xb.o(.text)
    DMA1_Channel4_IRQHandler                 0x0800011f   Thumb Code     0  startup_stm32f103xb.o(.text)
    DMA1_Channel5_IRQHandler                 0x0800011f   Thumb Code     0  startup_stm32f103xb.o(.text)
    DMA1_Channel6_IRQHandler                 0x0800011f   Thumb Code     0  startup_stm32f103xb.o(.text)
    DMA1_Channel7_IRQHandler                 0x0800011f   Thumb Code     0  startup_stm32f103xb.o(.text)
    EXTI0_IRQHandler                         0x0800011f   Thumb Code     0  startup_stm32f103xb.o(.text)
    EXTI15_10_IRQHandler                     0x0800011f   Thumb Code     0  startup_stm32f103xb.o(.text)
    EXTI1_IRQHandler                         0x0800011f   Thumb Code     0  startup_stm32f103xb.o(.text)
    EXTI2_IRQHandler                         0x0800011f   Thumb Code     0  startup_stm32f103xb.o(.text)
    EXTI3_IRQHandler                         0x0800011f   Thumb Code     0  startup_stm32f103xb.o(.text)
    EXTI4_IRQHandler                         0x0800011f   Thumb Code     0  startup_stm32f103xb.o(.text)
    EXTI9_5_IRQHandler                       0x0800011f   Thumb Code     0  startup_stm32f103xb.o(.text)
    FLASH_IRQHandler                         0x0800011f   Thumb Code     0  startup_stm32f103xb.o(.text)
    I2C1_ER_IRQHandler                       0x0800011f   Thumb Code     0  startup_stm32f103xb.o(.text)
    I2C1_EV_IRQHandler                       0x0800011f   Thumb Code     0  startup_stm32f103xb.o(.text)
    I2C2_ER_IRQHandler                       0x0800011f   Thumb Code     0  startup_stm32f103xb.o(.text)
    I2C2_EV_IRQHandler                       0x0800011f   Thumb Code     0  startup_stm32f103xb.o(.text)
    PVD_IRQHandler                           0x0800011f   Thumb Code     0  startup_stm32f103xb.o(.text)
    RCC_IRQHandler                           0x0800011f   Thumb Code     0  startup_stm32f103xb.o(.text)
    RTC_Alarm_IRQHandler                     0x0800011f   Thumb Code     0  startup_stm32f103xb.o(.text)
    RTC_IRQHandler                           0x0800011f   Thumb Code     0  startup_stm32f103xb.o(.text)
    SPI1_IRQHandler                          0x0800011f   Thumb Code     0  startup_stm32f103xb.o(.text)
    SPI2_IRQHandler                          0x0800011f   Thumb Code     0  startup_stm32f103xb.o(.text)
    TAMPER_IRQHandler                        0x0800011f   Thumb Code     0  startup_stm32f103xb.o(.text)
    TIM1_BRK_IRQHandler                      0x0800011f   Thumb Code     0  startup_stm32f103xb.o(.text)
    TIM1_CC_IRQHandler                       0x0800011f   Thumb Code     0  startup_stm32f103xb.o(.text)
    TIM1_TRG_COM_IRQHandler                  0x0800011f   Thumb Code     0  startup_stm32f103xb.o(.text)
    TIM1_UP_IRQHandler                       0x0800011f   Thumb Code     0  startup_stm32f103xb.o(.text)
    TIM2_IRQHandler                          0x0800011f   Thumb Code     0  startup_stm32f103xb.o(.text)
    TIM3_IRQHandler                          0x0800011f   Thumb Code     0  startup_stm32f103xb.o(.text)
    TIM4_IRQHandler                          0x0800011f   Thumb Code     0  startup_stm32f103xb.o(.text)
    USART1_IRQHandler                        0x0800011f   Thumb Code     0  startup_stm32f103xb.o(.text)
    USART2_IRQHandler                        0x0800011f   Thumb Code     0  startup_stm32f103xb.o(.text)
    USART3_IRQHandler                        0x0800011f   Thumb Code     0  startup_stm32f103xb.o(.text)
    USBWakeUp_IRQHandler                     0x0800011f   Thumb Code     0  startup_stm32f103xb.o(.text)
    USB_HP_CAN1_TX_IRQHandler                0x0800011f   Thumb Code     0  startup_stm32f103xb.o(.text)
    USB_LP_CAN1_RX0_IRQHandler               0x0800011f   Thumb Code     0  startup_stm32f103xb.o(.text)
    WWDG_IRQHandler                          0x0800011f   Thumb Code     0  startup_stm32f103xb.o(.text)
    __aeabi_llsr                             0x08000129   Thumb Code    32  llushr.o(.text)
    _ll_ushift_r                             0x08000129   Thumb Code     0  llushr.o(.text)
    __aeabi_memcpy                           0x08000149   Thumb Code    36  memcpya.o(.text)
    __aeabi_memcpy4                          0x08000149   Thumb Code     0  memcpya.o(.text)
    __aeabi_memcpy8                          0x08000149   Thumb Code     0  memcpya.o(.text)
    __aeabi_memset                           0x0800016d   Thumb Code    14  memseta.o(.text)
    __aeabi_memset4                          0x0800016d   Thumb Code     0  memseta.o(.text)
    __aeabi_memset8                          0x0800016d   Thumb Code     0  memseta.o(.text)
    __aeabi_memclr                           0x0800017b   Thumb Code     4  memseta.o(.text)
    __aeabi_memclr4                          0x0800017b   Thumb Code     0  memseta.o(.text)
    __aeabi_memclr8                          0x0800017b   Thumb Code     0  memseta.o(.text)
    _memset$wrapper                          0x0800017f   Thumb Code    18  memseta.o(.text)
    strlen                                   0x08000191   Thumb Code    14  strlen.o(.text)
    __aeabi_uidiv                            0x0800019f   Thumb Code     0  uidiv.o(.text)
    __aeabi_uidivmod                         0x0800019f   Thumb Code    44  uidiv.o(.text)
    __aeabi_uldivmod                         0x080001cb   Thumb Code    98  uldiv.o(.text)
    __I$use$fp                               0x0800022d   Thumb Code     0  iusefp.o(.text)
    __aeabi_dadd                             0x0800022d   Thumb Code   322  dadd.o(.text)
    __aeabi_dsub                             0x0800036f   Thumb Code     6  dadd.o(.text)
    __aeabi_drsub                            0x08000375   Thumb Code     6  dadd.o(.text)
    __aeabi_dmul                             0x0800037b   Thumb Code   228  dmul.o(.text)
    __aeabi_ddiv                             0x0800045f   Thumb Code   222  ddiv.o(.text)
    __aeabi_d2ulz                            0x0800053d   Thumb Code    48  dfixul.o(.text)
    __aeabi_cdrcmple                         0x0800056d   Thumb Code    48  cdrcmple.o(.text)
    __scatterload                            0x0800059d   Thumb Code    28  init.o(.text)
    __scatterload_rt2                        0x0800059d   Thumb Code     0  init.o(.text)
    __aeabi_llsl                             0x080005c1   Thumb Code    30  llshl.o(.text)
    _ll_shift_l                              0x080005c1   Thumb Code     0  llshl.o(.text)
    __aeabi_lasr                             0x080005df   Thumb Code    36  llsshr.o(.text)
    _ll_sshift_r                             0x080005df   Thumb Code     0  llsshr.o(.text)
    _double_round                            0x08000603   Thumb Code    30  depilogue.o(.text)
    _double_epilogue                         0x08000621   Thumb Code   156  depilogue.o(.text)
    BusFault_Handler                         0x080006bd   Thumb Code     2  stm32f1xx_it.o(i.BusFault_Handler)
    DEV_Module_Exit                          0x080006c1   Thumb Code    48  dev_config.o(i.DEV_Module_Exit)
    DEV_Module_Init                          0x080006fd   Thumb Code    46  dev_config.o(i.DEV_Module_Init)
    DEV_SPI_WRite                            0x08000739   Thumb Code    18  dev_config.o(i.DEV_SPI_WRite)
    DebugMon_Handler                         0x08000751   Thumb Code     2  stm32f1xx_it.o(i.DebugMon_Handler)
    Error_Handler                            0x08000753   Thumb Code     2  main.o(i.Error_Handler)
    HAL_Delay                                0x08000755   Thumb Code    32  stm32f1xx_hal.o(i.HAL_Delay)
    HAL_GPIO_Init                            0x08000779   Thumb Code   446  stm32f1xx_hal_gpio.o(i.HAL_GPIO_Init)
    HAL_GPIO_WritePin                        0x08000959   Thumb Code    10  stm32f1xx_hal_gpio.o(i.HAL_GPIO_WritePin)
    HAL_GetTick                              0x08000965   Thumb Code     6  stm32f1xx_hal.o(i.HAL_GetTick)
    HAL_IncTick                              0x08000971   Thumb Code    12  stm32f1xx_hal.o(i.HAL_IncTick)
    HAL_Init                                 0x08000981   Thumb Code    32  stm32f1xx_hal.o(i.HAL_Init)
    HAL_InitTick                             0x080009a5   Thumb Code    54  stm32f1xx_hal.o(i.HAL_InitTick)
    HAL_MspInit                              0x080009e5   Thumb Code    52  stm32f1xx_hal_msp.o(i.HAL_MspInit)
    HAL_NVIC_SetPriority                     0x08000a21   Thumb Code    60  stm32f1xx_hal_cortex.o(i.HAL_NVIC_SetPriority)
    HAL_NVIC_SetPriorityGrouping             0x08000a61   Thumb Code    26  stm32f1xx_hal_cortex.o(i.HAL_NVIC_SetPriorityGrouping)
    HAL_RCC_ClockConfig                      0x08000a85   Thumb Code   280  stm32f1xx_hal_rcc.o(i.HAL_RCC_ClockConfig)
    HAL_RCC_GetPCLK1Freq                     0x08000bb1   Thumb Code    20  stm32f1xx_hal_rcc.o(i.HAL_RCC_GetPCLK1Freq)
    HAL_RCC_GetPCLK2Freq                     0x08000bd1   Thumb Code    20  stm32f1xx_hal_rcc.o(i.HAL_RCC_GetPCLK2Freq)
    HAL_RCC_GetSysClockFreq                  0x08000bf1   Thumb Code    74  stm32f1xx_hal_rcc.o(i.HAL_RCC_GetSysClockFreq)
    HAL_RCC_OscConfig                        0x08000c5d   Thumb Code   778  stm32f1xx_hal_rcc.o(i.HAL_RCC_OscConfig)
    HAL_SPI_Init                             0x08000f7d   Thumb Code   124  stm32f1xx_hal_spi.o(i.HAL_SPI_Init)
    HAL_SPI_MspInit                          0x08000ff9   Thumb Code    98  spi.o(i.HAL_SPI_MspInit)
    HAL_SPI_Transmit                         0x08001069   Thumb Code   348  stm32f1xx_hal_spi.o(i.HAL_SPI_Transmit)
    HAL_SYSTICK_Config                       0x080011c5   Thumb Code    40  stm32f1xx_hal_cortex.o(i.HAL_SYSTICK_Config)
    HAL_TIMEx_MasterConfigSynchronization    0x080011ed   Thumb Code    66  stm32f1xx_hal_tim_ex.o(i.HAL_TIMEx_MasterConfigSynchronization)
    HAL_TIM_MspPostInit                      0x08001231   Thumb Code    80  tim.o(i.HAL_TIM_MspPostInit)
    HAL_TIM_PWM_ConfigChannel                0x08001291   Thumb Code   208  stm32f1xx_hal_tim.o(i.HAL_TIM_PWM_ConfigChannel)
    HAL_TIM_PWM_Init                         0x08001361   Thumb Code    54  stm32f1xx_hal_tim.o(i.HAL_TIM_PWM_Init)
    HAL_TIM_PWM_MspInit                      0x08001399   Thumb Code    30  tim.o(i.HAL_TIM_PWM_MspInit)
    HAL_TIM_PWM_Start                        0x080013c1   Thumb Code    52  stm32f1xx_hal_tim.o(i.HAL_TIM_PWM_Start)
    HAL_TIM_PWM_Stop                         0x080013f9   Thumb Code    78  stm32f1xx_hal_tim.o(i.HAL_TIM_PWM_Stop)
    HAL_UART_Init                            0x0800144d   Thumb Code    98  stm32f1xx_hal_uart.o(i.HAL_UART_Init)
    HAL_UART_MspInit                         0x080014b1   Thumb Code    98  usart.o(i.HAL_UART_MspInit)
    HAL_UART_Transmit                        0x08001521   Thumb Code   186  stm32f1xx_hal_uart.o(i.HAL_UART_Transmit)
    HardFault_Handler                        0x080015db   Thumb Code     2  stm32f1xx_it.o(i.HardFault_Handler)
    LCD_1IN69_Clear                          0x080015dd   Thumb Code    74  lcd_1in69.o(i.LCD_1IN69_Clear)
    LCD_1IN69_DrawPoint                      0x08001631   Thumb Code    60  lcd_1in69.o(i.LCD_1IN69_DrawPoint)
    LCD_1IN69_Init                           0x08001675   Thumb Code   102  lcd_1in69.o(i.LCD_1IN69_Init)
    LCD_1IN69_SetBackLight                   0x080018c5   Thumb Code     6  lcd_1in69.o(i.LCD_1IN69_SetBackLight)
    LCD_1IN69_SetWindows                     0x080018d1   Thumb Code   162  lcd_1in69.o(i.LCD_1IN69_SetWindows)
    LCD_1in69_test                           0x08001979   Thumb Code   708  lcd_1inch69_test.o(i.LCD_1in69_test)
    MX_GPIO_Init                             0x08001d05   Thumb Code   156  gpio.o(i.MX_GPIO_Init)
    MX_SPI1_Init                             0x08001dad   Thumb Code    62  spi.o(i.MX_SPI1_Init)
    MX_TIM3_Init                             0x08001df5   Thumb Code   108  tim.o(i.MX_TIM3_Init)
    MX_USART2_UART_Init                      0x08001e69   Thumb Code    48  usart.o(i.MX_USART2_UART_Init)
    MemManage_Handler                        0x08001ea1   Thumb Code     2  stm32f1xx_it.o(i.MemManage_Handler)
    NMI_Handler                              0x08001ea3   Thumb Code     2  stm32f1xx_it.o(i.NMI_Handler)
    Paint_Clear                              0x08001ea5   Thumb Code     6  gui_paint.o(i.Paint_Clear)
    Paint_DrawChar                           0x08001eb1   Thumb Code   178  gui_paint.o(i.Paint_DrawChar)
    Paint_DrawCircle                         0x08001fa9   Thumb Code   532  gui_paint.o(i.Paint_DrawCircle)
    Paint_DrawFloatNum                       0x080021c5   Thumb Code   130  gui_paint.o(i.Paint_DrawFloatNum)
    Paint_DrawImage                          0x08002251   Thumb Code    90  gui_paint.o(i.Paint_DrawImage)
    Paint_DrawLine                           0x080022b1   Thumb Code   208  gui_paint.o(i.Paint_DrawLine)
    Paint_DrawPoint                          0x080023c5   Thumb Code   158  gui_paint.o(i.Paint_DrawPoint)
    Paint_DrawRectangle                      0x0800246d   Thumb Code   176  gui_paint.o(i.Paint_DrawRectangle)
    Paint_DrawString_CN                      0x08002555   Thumb Code   404  gui_paint.o(i.Paint_DrawString_CN)
    Paint_DrawString_EN                      0x080026ed   Thumb Code   116  gui_paint.o(i.Paint_DrawString_EN)
    Paint_NewImage                           0x08002769   Thumb Code    58  gui_paint.o(i.Paint_NewImage)
    Paint_SetClearFuntion                    0x080027cd   Thumb Code     6  gui_paint.o(i.Paint_SetClearFuntion)
    Paint_SetDisplayFuntion                  0x080027d9   Thumb Code     6  gui_paint.o(i.Paint_SetDisplayFuntion)
    Paint_SetPixel                           0x080027e5   Thumb Code   152  gui_paint.o(i.Paint_SetPixel)
    Paint_SetRotate                          0x080028ad   Thumb Code    44  gui_paint.o(i.Paint_SetRotate)
    PendSV_Handler                           0x08002921   Thumb Code     2  stm32f1xx_it.o(i.PendSV_Handler)
    SVC_Handler                              0x080029d7   Thumb Code     2  stm32f1xx_it.o(i.SVC_Handler)
    SysTick_Handler                          0x080029d9   Thumb Code     4  stm32f1xx_it.o(i.SysTick_Handler)
    SystemClock_Config                       0x080029dd   Thumb Code    78  main.o(i.SystemClock_Config)
    SystemInit                               0x08002a2d   Thumb Code    56  system_stm32f1xx.o(i.SystemInit)
    TIM_Base_SetConfig                       0x08002a75   Thumb Code    94  stm32f1xx_hal_tim.o(i.TIM_Base_SetConfig)
    TIM_CCxChannelCmd                        0x08002ae1   Thumb Code    26  stm32f1xx_hal_tim.o(i.TIM_CCxChannelCmd)
    TIM_OC2_SetConfig                        0x08002b4d   Thumb Code    84  stm32f1xx_hal_tim.o(i.TIM_OC2_SetConfig)
    UsageFault_Handler                       0x08002d5d   Thumb Code     2  stm32f1xx_it.o(i.UsageFault_Handler)
    __0printf                                0x08002d61   Thumb Code    22  printfa.o(i.__0printf)
    __1printf                                0x08002d61   Thumb Code     0  printfa.o(i.__0printf)
    __2printf                                0x08002d61   Thumb Code     0  printfa.o(i.__0printf)
    __c89printf                              0x08002d61   Thumb Code     0  printfa.o(i.__0printf)
    printf                                   0x08002d61   Thumb Code     0  printfa.o(i.__0printf)
    __0sprintf                               0x08002d81   Thumb Code    34  printfa.o(i.__0sprintf)
    __1sprintf                               0x08002d81   Thumb Code     0  printfa.o(i.__0sprintf)
    __2sprintf                               0x08002d81   Thumb Code     0  printfa.o(i.__0sprintf)
    __c89sprintf                             0x08002d81   Thumb Code     0  printfa.o(i.__0sprintf)
    sprintf                                  0x08002d81   Thumb Code     0  printfa.o(i.__0sprintf)
    __scatterload_copy                       0x08002dc9   Thumb Code    14  handlers.o(i.__scatterload_copy)
    __scatterload_null                       0x08002dd7   Thumb Code     2  handlers.o(i.__scatterload_null)
    __scatterload_zeroinit                   0x08002dd9   Thumb Code    14  handlers.o(i.__scatterload_zeroinit)
    fputc                                    0x0800367d   Thumb Code    20  usart.o(i.fputc)
    free                                     0x08003695   Thumb Code    76  malloc.o(i.free)
    main                                     0x080036e5   Thumb Code    30  main.o(i.main)
    malloc                                   0x08003705   Thumb Code    92  malloc.o(i.malloc)
    AHBPrescTable                            0x08003770   Data          16  system_stm32f1xx.o(.constdata)
    APBPrescTable                            0x08003780   Data           8  system_stm32f1xx.o(.constdata)
    Font12_Table                             0x08003788   Data        1140  font12.o(.constdata)
    Font24_Table                             0x08003bfc   Data        6840  font24.o(.constdata)
    Font24CN_Table                           0x080056b4   Data        4482  font24cn.o(.constdata)
    gImage_1                                 0x08006836   Data        7200  image.o(.constdata)
    Region$$Table$$Base                      0x08008528   Number         0  anon$$obj.o(Region$$Table)
    Region$$Table$$Limit                     0x08008548   Number         0  anon$$obj.o(Region$$Table)
    uwTickFreq                               0x20000000   Data           1  stm32f1xx_hal.o(.data)
    uwTickPrio                               0x20000004   Data           4  stm32f1xx_hal.o(.data)
    uwTick                                   0x20000008   Data           4  stm32f1xx_hal.o(.data)
    SystemCoreClock                          0x2000000c   Data           4  system_stm32f1xx.o(.data)
    DISPLAY                                  0x20000010   Data           4  gui_paint.o(.data)
    CLEAR                                    0x20000014   Data           4  gui_paint.o(.data)
    Font12                                   0x20000018   Data           8  font12.o(.data)
    Font24                                   0x20000020   Data           8  font24.o(.data)
    Font24CN                                 0x20000028   Data          12  font24cn.o(.data)
    LCD_1IN69                                0x20000034   Data           6  lcd_1in69.o(.data)
    __stdout                                 0x2000003c   Data           4  stdout.o(.data)
    __microlib_freelist                      0x20000040   Data           4  mvars.o(.data)
    __microlib_freelist_initialised          0x20000044   Data           4  mvars.o(.data)
    hspi1                                    0x20000048   Data          88  spi.o(.bss)
    htim3                                    0x200000a0   Data          64  tim.o(.bss)
    huart2                                   0x200000e0   Data          64  usart.o(.bss)
    Paint                                    0x20000120   Data          24  gui_paint.o(.bss)
    __heap_base                              0x20000138   Data           0  startup_stm32f103xb.o(HEAP)
    __heap_limit                             0x20000338   Data           0  startup_stm32f103xb.o(HEAP)
    __initial_sp                             0x20000738   Data           0  startup_stm32f103xb.o(STACK)



==============================================================================

Memory Map of the image

  Image Entry point : 0x080000ed

  Load Region LR_IROM1 (Base: 0x08000000, Size: 0x00008590, Max: 0x00020000, ABSOLUTE)

    Execution Region ER_IROM1 (Exec base: 0x08000000, Load base: 0x08000000, Size: 0x00008548, Max: 0x00020000, ABSOLUTE)

    Exec Addr    Load Addr    Size         Type   Attr      Idx    E Section Name        Object

    0x08000000   0x08000000   0x000000ec   Data   RO            3    RESET               startup_stm32f103xb.o
    0x080000ec   0x080000ec   0x00000000   Code   RO         4598  * .ARM.Collect$$$$00000000  mc_w.l(entry.o)
    0x080000ec   0x080000ec   0x00000004   Code   RO         4900    .ARM.Collect$$$$00000001  mc_w.l(entry2.o)
    0x080000f0   0x080000f0   0x00000004   Code   RO         4903    .ARM.Collect$$$$00000004  mc_w.l(entry5.o)
    0x080000f4   0x080000f4   0x00000000   Code   RO         4905    .ARM.Collect$$$$00000008  mc_w.l(entry7b.o)
    0x080000f4   0x080000f4   0x00000000   Code   RO         4907    .ARM.Collect$$$$0000000A  mc_w.l(entry8b.o)
    0x080000f4   0x080000f4   0x00000008   Code   RO         4908    .ARM.Collect$$$$0000000B  mc_w.l(entry9a.o)
    0x080000fc   0x080000fc   0x00000004   Code   RO         4915    .ARM.Collect$$$$0000000E  mc_w.l(entry12b.o)
    0x08000100   0x08000100   0x00000000   Code   RO         4910    .ARM.Collect$$$$0000000F  mc_w.l(entry10a.o)
    0x08000100   0x08000100   0x00000000   Code   RO         4912    .ARM.Collect$$$$00000011  mc_w.l(entry11a.o)
    0x08000100   0x08000100   0x00000004   Code   RO         4901    .ARM.Collect$$$$00002712  mc_w.l(entry2.o)
    0x08000104   0x08000104   0x00000024   Code   RO            4    .text               startup_stm32f103xb.o
    0x08000128   0x08000128   0x00000020   Code   RO         4601    .text               mc_w.l(llushr.o)
    0x08000148   0x08000148   0x00000024   Code   RO         4603    .text               mc_w.l(memcpya.o)
    0x0800016c   0x0800016c   0x00000024   Code   RO         4605    .text               mc_w.l(memseta.o)
    0x08000190   0x08000190   0x0000000e   Code   RO         4607    .text               mc_w.l(strlen.o)
    0x0800019e   0x0800019e   0x0000002c   Code   RO         4917    .text               mc_w.l(uidiv.o)
    0x080001ca   0x080001ca   0x00000062   Code   RO         4919    .text               mc_w.l(uldiv.o)
    0x0800022c   0x0800022c   0x00000000   Code   RO         4923    .text               mc_w.l(iusefp.o)
    0x0800022c   0x0800022c   0x0000014e   Code   RO         4924    .text               mf_w.l(dadd.o)
    0x0800037a   0x0800037a   0x000000e4   Code   RO         4926    .text               mf_w.l(dmul.o)
    0x0800045e   0x0800045e   0x000000de   Code   RO         4928    .text               mf_w.l(ddiv.o)
    0x0800053c   0x0800053c   0x00000030   Code   RO         4930    .text               mf_w.l(dfixul.o)
    0x0800056c   0x0800056c   0x00000030   Code   RO         4932    .text               mf_w.l(cdrcmple.o)
    0x0800059c   0x0800059c   0x00000024   Code   RO         4934    .text               mc_w.l(init.o)
    0x080005c0   0x080005c0   0x0000001e   Code   RO         4936    .text               mc_w.l(llshl.o)
    0x080005de   0x080005de   0x00000024   Code   RO         4938    .text               mc_w.l(llsshr.o)
    0x08000602   0x08000602   0x000000ba   Code   RO         4940    .text               mf_w.l(depilogue.o)
    0x080006bc   0x080006bc   0x00000002   Code   RO          342    i.BusFault_Handler  stm32f1xx_it.o
    0x080006be   0x080006be   0x00000002   PAD
    0x080006c0   0x080006c0   0x0000003c   Code   RO         3325    i.DEV_Module_Exit   dev_config.o
    0x080006fc   0x080006fc   0x0000003c   Code   RO         3326    i.DEV_Module_Init   dev_config.o
    0x08000738   0x08000738   0x00000018   Code   RO         3327    i.DEV_SPI_WRite     dev_config.o
    0x08000750   0x08000750   0x00000002   Code   RO          343    i.DebugMon_Handler  stm32f1xx_it.o
    0x08000752   0x08000752   0x00000002   Code   RO           13    i.Error_Handler     main.o
    0x08000754   0x08000754   0x00000024   Code   RO          806    i.HAL_Delay         stm32f1xx_hal.o
    0x08000778   0x08000778   0x000001e0   Code   RO         1114    i.HAL_GPIO_Init     stm32f1xx_hal_gpio.o
    0x08000958   0x08000958   0x0000000a   Code   RO         1118    i.HAL_GPIO_WritePin  stm32f1xx_hal_gpio.o
    0x08000962   0x08000962   0x00000002   PAD
    0x08000964   0x08000964   0x0000000c   Code   RO          810    i.HAL_GetTick       stm32f1xx_hal.o
    0x08000970   0x08000970   0x00000010   Code   RO          816    i.HAL_IncTick       stm32f1xx_hal.o
    0x08000980   0x08000980   0x00000024   Code   RO          817    i.HAL_Init          stm32f1xx_hal.o
    0x080009a4   0x080009a4   0x00000040   Code   RO          818    i.HAL_InitTick      stm32f1xx_hal.o
    0x080009e4   0x080009e4   0x0000003c   Code   RO          417    i.HAL_MspInit       stm32f1xx_hal_msp.o
    0x08000a20   0x08000a20   0x00000040   Code   RO         1280    i.HAL_NVIC_SetPriority  stm32f1xx_hal_cortex.o
    0x08000a60   0x08000a60   0x00000024   Code   RO         1281    i.HAL_NVIC_SetPriorityGrouping  stm32f1xx_hal_cortex.o
    0x08000a84   0x08000a84   0x0000012c   Code   RO          974    i.HAL_RCC_ClockConfig  stm32f1xx_hal_rcc.o
    0x08000bb0   0x08000bb0   0x00000020   Code   RO          981    i.HAL_RCC_GetPCLK1Freq  stm32f1xx_hal_rcc.o
    0x08000bd0   0x08000bd0   0x00000020   Code   RO          982    i.HAL_RCC_GetPCLK2Freq  stm32f1xx_hal_rcc.o
    0x08000bf0   0x08000bf0   0x0000006c   Code   RO          983    i.HAL_RCC_GetSysClockFreq  stm32f1xx_hal_rcc.o
    0x08000c5c   0x08000c5c   0x00000320   Code   RO          986    i.HAL_RCC_OscConfig  stm32f1xx_hal_rcc.o
    0x08000f7c   0x08000f7c   0x0000007c   Code   RO          488    i.HAL_SPI_Init      stm32f1xx_hal_spi.o
    0x08000ff8   0x08000ff8   0x00000070   Code   RO          205    i.HAL_SPI_MspInit   spi.o
    0x08001068   0x08001068   0x0000015c   Code   RO          496    i.HAL_SPI_Transmit  stm32f1xx_hal_spi.o
    0x080011c4   0x080011c4   0x00000028   Code   RO         1285    i.HAL_SYSTICK_Config  stm32f1xx_hal_cortex.o
    0x080011ec   0x080011ec   0x00000042   Code   RO         2469    i.HAL_TIMEx_MasterConfigSynchronization  stm32f1xx_hal_tim_ex.o
    0x0800122e   0x0800122e   0x00000002   PAD
    0x08001230   0x08001230   0x00000060   Code   RO          246    i.HAL_TIM_MspPostInit  tim.o
    0x08001290   0x08001290   0x000000d0   Code   RO         1843    i.HAL_TIM_PWM_ConfigChannel  stm32f1xx_hal_tim.o
    0x08001360   0x08001360   0x00000036   Code   RO         1846    i.HAL_TIM_PWM_Init  stm32f1xx_hal_tim.o
    0x08001396   0x08001396   0x00000002   PAD
    0x08001398   0x08001398   0x00000028   Code   RO          248    i.HAL_TIM_PWM_MspInit  tim.o
    0x080013c0   0x080013c0   0x00000038   Code   RO         1851    i.HAL_TIM_PWM_Start  stm32f1xx_hal_tim.o
    0x080013f8   0x080013f8   0x00000054   Code   RO         1854    i.HAL_TIM_PWM_Stop  stm32f1xx_hal_tim.o
    0x0800144c   0x0800144c   0x00000062   Code   RO         2727    i.HAL_UART_Init     stm32f1xx_hal_uart.o
    0x080014ae   0x080014ae   0x00000002   PAD
    0x080014b0   0x080014b0   0x00000070   Code   RO          295    i.HAL_UART_MspInit  usart.o
    0x08001520   0x08001520   0x000000ba   Code   RO         2735    i.HAL_UART_Transmit  stm32f1xx_hal_uart.o
    0x080015da   0x080015da   0x00000002   Code   RO          344    i.HardFault_Handler  stm32f1xx_it.o
    0x080015dc   0x080015dc   0x00000054   Code   RO         3868    i.LCD_1IN69_Clear   lcd_1in69.o
    0x08001630   0x08001630   0x00000044   Code   RO         3871    i.LCD_1IN69_DrawPoint  lcd_1in69.o
    0x08001674   0x08001674   0x00000070   Code   RO         3872    i.LCD_1IN69_Init    lcd_1in69.o
    0x080016e4   0x080016e4   0x00000198   Code   RO         3873    i.LCD_1IN69_InitReg  lcd_1in69.o
    0x0800187c   0x0800187c   0x0000002c   Code   RO         3874    i.LCD_1IN69_SendCommand  lcd_1in69.o
    0x080018a8   0x080018a8   0x0000001c   Code   RO         3875    i.LCD_1IN69_SendData_8Bit  lcd_1in69.o
    0x080018c4   0x080018c4   0x0000000c   Code   RO         3876    i.LCD_1IN69_SetBackLight  lcd_1in69.o
    0x080018d0   0x080018d0   0x000000a8   Code   RO         3877    i.LCD_1IN69_SetWindows  lcd_1in69.o
    0x08001978   0x08001978   0x0000038c   Code   RO         4473    i.LCD_1in69_test    lcd_1inch69_test.o
    0x08001d04   0x08001d04   0x000000a8   Code   RO          180    i.MX_GPIO_Init      gpio.o
    0x08001dac   0x08001dac   0x00000048   Code   RO          206    i.MX_SPI1_Init      spi.o
    0x08001df4   0x08001df4   0x00000074   Code   RO          249    i.MX_TIM3_Init      tim.o
    0x08001e68   0x08001e68   0x00000038   Code   RO          296    i.MX_USART2_UART_Init  usart.o
    0x08001ea0   0x08001ea0   0x00000002   Code   RO          345    i.MemManage_Handler  stm32f1xx_it.o
    0x08001ea2   0x08001ea2   0x00000002   Code   RO          346    i.NMI_Handler       stm32f1xx_it.o
    0x08001ea4   0x08001ea4   0x0000000c   Code   RO         3066    i.Paint_Clear       gui_paint.o
    0x08001eb0   0x08001eb0   0x000000f8   Code   RO         3068    i.Paint_DrawChar    gui_paint.o
    0x08001fa8   0x08001fa8   0x0000021c   Code   RO         3069    i.Paint_DrawCircle  gui_paint.o
    0x080021c4   0x080021c4   0x0000008c   Code   RO         3070    i.Paint_DrawFloatNum  gui_paint.o
    0x08002250   0x08002250   0x00000060   Code   RO         3071    i.Paint_DrawImage   gui_paint.o
    0x080022b0   0x080022b0   0x00000114   Code   RO         3072    i.Paint_DrawLine    gui_paint.o
    0x080023c4   0x080023c4   0x000000a8   Code   RO         3074    i.Paint_DrawPoint   gui_paint.o
    0x0800246c   0x0800246c   0x000000e8   Code   RO         3075    i.Paint_DrawRectangle  gui_paint.o
    0x08002554   0x08002554   0x00000198   Code   RO         3076    i.Paint_DrawString_CN  gui_paint.o
    0x080026ec   0x080026ec   0x0000007c   Code   RO         3077    i.Paint_DrawString_EN  gui_paint.o
    0x08002768   0x08002768   0x00000064   Code   RO         3079    i.Paint_NewImage    gui_paint.o
    0x080027cc   0x080027cc   0x0000000c   Code   RO         3080    i.Paint_SetClearFuntion  gui_paint.o
    0x080027d8   0x080027d8   0x0000000c   Code   RO         3081    i.Paint_SetDisplayFuntion  gui_paint.o
    0x080027e4   0x080027e4   0x000000c8   Code   RO         3083    i.Paint_SetPixel    gui_paint.o
    0x080028ac   0x080028ac   0x00000074   Code   RO         3084    i.Paint_SetRotate   gui_paint.o
    0x08002920   0x08002920   0x00000002   Code   RO          347    i.PendSV_Handler    stm32f1xx_it.o
    0x08002922   0x08002922   0x00000020   Code   RO          526    i.SPI_EndRxTxTransaction  stm32f1xx_hal_spi.o
    0x08002942   0x08002942   0x00000094   Code   RO          531    i.SPI_WaitFlagStateUntilTimeout  stm32f1xx_hal_spi.o
    0x080029d6   0x080029d6   0x00000002   Code   RO          348    i.SVC_Handler       stm32f1xx_it.o
    0x080029d8   0x080029d8   0x00000004   Code   RO          349    i.SysTick_Handler   stm32f1xx_it.o
    0x080029dc   0x080029dc   0x0000004e   Code   RO           14    i.SystemClock_Config  main.o
    0x08002a2a   0x08002a2a   0x00000002   PAD
    0x08002a2c   0x08002a2c   0x00000048   Code   RO         3029    i.SystemInit        system_stm32f1xx.o
    0x08002a74   0x08002a74   0x0000006c   Code   RO         1864    i.TIM_Base_SetConfig  stm32f1xx_hal_tim.o
    0x08002ae0   0x08002ae0   0x0000001a   Code   RO         1865    i.TIM_CCxChannelCmd  stm32f1xx_hal_tim.o
    0x08002afa   0x08002afa   0x00000002   PAD
    0x08002afc   0x08002afc   0x00000050   Code   RO         1877    i.TIM_OC1_SetConfig  stm32f1xx_hal_tim.o
    0x08002b4c   0x08002b4c   0x00000058   Code   RO         1878    i.TIM_OC2_SetConfig  stm32f1xx_hal_tim.o
    0x08002ba4   0x08002ba4   0x00000058   Code   RO         1879    i.TIM_OC3_SetConfig  stm32f1xx_hal_tim.o
    0x08002bfc   0x08002bfc   0x00000044   Code   RO         1880    i.TIM_OC4_SetConfig  stm32f1xx_hal_tim.o
    0x08002c40   0x08002c40   0x000000b8   Code   RO         2753    i.UART_SetConfig    stm32f1xx_hal_uart.o
    0x08002cf8   0x08002cf8   0x00000064   Code   RO         2755    i.UART_WaitOnFlagUntilTimeout  stm32f1xx_hal_uart.o
    0x08002d5c   0x08002d5c   0x00000002   Code   RO          350    i.UsageFault_Handler  stm32f1xx_it.o
    0x08002d5e   0x08002d5e   0x00000002   PAD
    0x08002d60   0x08002d60   0x00000020   Code   RO         4844    i.__0printf         mc_w.l(printfa.o)
    0x08002d80   0x08002d80   0x00000028   Code   RO         4846    i.__0sprintf        mc_w.l(printfa.o)
    0x08002da8   0x08002da8   0x00000020   Code   RO         1287    i.__NVIC_SetPriority  stm32f1xx_hal_cortex.o
    0x08002dc8   0x08002dc8   0x0000000e   Code   RO         4944    i.__scatterload_copy  mc_w.l(handlers.o)
    0x08002dd6   0x08002dd6   0x00000002   Code   RO         4945    i.__scatterload_null  mc_w.l(handlers.o)
    0x08002dd8   0x08002dd8   0x0000000e   Code   RO         4946    i.__scatterload_zeroinit  mc_w.l(handlers.o)
    0x08002de6   0x08002de6   0x00000002   PAD
    0x08002de8   0x08002de8   0x00000184   Code   RO         4851    i._fp_digits        mc_w.l(printfa.o)
    0x08002f6c   0x08002f6c   0x000006b4   Code   RO         4852    i._printf_core      mc_w.l(printfa.o)
    0x08003620   0x08003620   0x00000024   Code   RO         4853    i._printf_post_padding  mc_w.l(printfa.o)
    0x08003644   0x08003644   0x0000002e   Code   RO         4854    i._printf_pre_padding  mc_w.l(printfa.o)
    0x08003672   0x08003672   0x0000000a   Code   RO         4856    i._sputc            mc_w.l(printfa.o)
    0x0800367c   0x0800367c   0x00000018   Code   RO          297    i.fputc             usart.o
    0x08003694   0x08003694   0x00000050   Code   RO         4872    i.free              mc_w.l(malloc.o)
    0x080036e4   0x080036e4   0x0000001e   Code   RO           15    i.main              main.o
    0x08003702   0x08003702   0x00000002   PAD
    0x08003704   0x08003704   0x0000006c   Code   RO         4873    i.malloc            mc_w.l(malloc.o)
    0x08003770   0x08003770   0x00000010   Data   RO         3030    .constdata          system_stm32f1xx.o
    0x08003780   0x08003780   0x00000008   Data   RO         3031    .constdata          system_stm32f1xx.o
    0x08003788   0x08003788   0x00000474   Data   RO         3225    .constdata          font12.o
    0x08003bfc   0x08003bfc   0x00001ab8   Data   RO         3281    .constdata          font24.o
    0x080056b4   0x080056b4   0x00001182   Data   RO         3295    .constdata          font24cn.o
    0x08006836   0x08006836   0x00001c20   Data   RO         3309    .constdata          image.o
    0x08008456   0x08008456   0x00000002   PAD
    0x08008458   0x08008458   0x000000cd   Data   RO         3086    .conststring        gui_paint.o
    0x08008525   0x08008525   0x00000003   PAD
    0x08008528   0x08008528   0x00000020   Data   RO         4942    Region$$Table       anon$$obj.o


    Execution Region RW_IRAM1 (Exec base: 0x20000000, Load base: 0x08008548, Size: 0x00000738, Max: 0x00005000, ABSOLUTE)

    Exec Addr    Load Addr    Size         Type   Attr      Idx    E Section Name        Object

    0x20000000   0x08008548   0x0000000c   Data   RW          824    .data               stm32f1xx_hal.o
    0x2000000c   0x08008554   0x00000004   Data   RW         3032    .data               system_stm32f1xx.o
    0x20000010   0x08008558   0x00000008   Data   RW         3087    .data               gui_paint.o
    0x20000018   0x08008560   0x00000008   Data   RW         3226    .data               font12.o
    0x20000020   0x08008568   0x00000008   Data   RW         3282    .data               font24.o
    0x20000028   0x08008570   0x0000000c   Data   RW         3296    .data               font24cn.o
    0x20000034   0x0800857c   0x00000006   Data   RW         3878    .data               lcd_1in69.o
    0x2000003a   0x08008582   0x00000002   PAD
    0x2000003c   0x08008584   0x00000004   Data   RW         4916    .data               mc_w.l(stdout.o)
    0x20000040   0x08008588   0x00000004   Data   RW         4921    .data               mc_w.l(mvars.o)
    0x20000044   0x0800858c   0x00000004   Data   RW         4922    .data               mc_w.l(mvars.o)
    0x20000048        -       0x00000058   Zero   RW          207    .bss                spi.o
    0x200000a0        -       0x00000040   Zero   RW          250    .bss                tim.o
    0x200000e0        -       0x00000040   Zero   RW          298    .bss                usart.o
    0x20000120        -       0x00000018   Zero   RW         3085    .bss                gui_paint.o
    0x20000138        -       0x00000200   Zero   RW            2    HEAP                startup_stm32f103xb.o
    0x20000338        -       0x00000400   Zero   RW            1    STACK               startup_stm32f103xb.o


==============================================================================

Image component sizes


      Code (inc. data)   RO Data    RW Data    ZI Data      Debug   Object Name

       144         32          0          0          0       1376   dev_config.o
         0          0       1140          8          0       1289   font12.o
         0          0       6840          8          0       1289   font24.o
         0          0       4482         12          0       1291   font24cn.o
       168         12          0          0          0        883   gpio.o
      2684        420        205          8         24      15928   gui_paint.o
         0          0       7200          0          0        528   image.o
       924         52          0          6          0       6345   lcd_1in69.o
       908        200          0          0          0        725   lcd_1inch69_test.o
       110          0          0          0          0     430738   main.o
       184         24          0          0         88       1505   spi.o
        36          8        236          0       1536        772   startup_stm32f103xb.o
       164         28          0         12          0       5677   stm32f1xx_hal.o
       172         14          0          0          0      28150   stm32f1xx_hal_cortex.o
       490         34          0          0          0       2808   stm32f1xx_hal_gpio.o
        60          8          0          0          0        790   stm32f1xx_hal_msp.o
      1272        100          0          0          0       5028   stm32f1xx_hal_rcc.o
       652          0          0          0          0       4082   stm32f1xx_hal_spi.o
       860         44          0          0          0       8017   stm32f1xx_hal_tim.o
        66          0          0          0          0       1252   stm32f1xx_hal_tim_ex.o
       568          6          0          0          0       3796   stm32f1xx_hal_uart.o
        20          0          0          0          0       3542   stm32f1xx_it.o
        72         16         24          4          0       1079   system_stm32f1xx.o
       252         34          0          0         64       2071   tim.o
       192         26          0          0         64       2022   usart.o

    ----------------------------------------------------------------------
     10016       1058      20164         60       1776     530983   Object Totals
         0          0         32          0          0          0   (incl. Generated)
        18          0          5          2          0          0   (incl. Padding)

    ----------------------------------------------------------------------

      Code (inc. data)   RO Data    RW Data    ZI Data      Debug   Library Member Name

         0          0          0          0          0          0   entry.o
         0          0          0          0          0          0   entry10a.o
         0          0          0          0          0          0   entry11a.o
         4          0          0          0          0          0   entry12b.o
         8          4          0          0          0          0   entry2.o
         4          0          0          0          0          0   entry5.o
         0          0          0          0          0          0   entry7b.o
         0          0          0          0          0          0   entry8b.o
         8          4          0          0          0          0   entry9a.o
        30          0          0          0          0          0   handlers.o
        36          8          0          0          0         68   init.o
         0          0          0          0          0          0   iusefp.o
        30          0          0          0          0         68   llshl.o
        36          0          0          0          0         68   llsshr.o
        32          0          0          0          0         68   llushr.o
       188         20          0          0          0        160   malloc.o
        36          0          0          0          0         68   memcpya.o
        36          0          0          0          0        108   memseta.o
         0          0          0          8          0          0   mvars.o
      2268         96          0          0          0        616   printfa.o
         0          0          0          4          0          0   stdout.o
        14          0          0          0          0         68   strlen.o
        44          0          0          0          0         80   uidiv.o
        98          0          0          0          0         92   uldiv.o
        48          0          0          0          0         68   cdrcmple.o
       334          0          0          0          0        148   dadd.o
       222          0          0          0          0        100   ddiv.o
       186          0          0          0          0        176   depilogue.o
        48          0          0          0          0         68   dfixul.o
       228          0          0          0          0         96   dmul.o

    ----------------------------------------------------------------------
      3940        132          0         12          0       2120   Library Totals
         2          0          0          0          0          0   (incl. Padding)

    ----------------------------------------------------------------------

      Code (inc. data)   RO Data    RW Data    ZI Data      Debug   Library Name

      2872        132          0         12          0       1464   mc_w.l
      1066          0          0          0          0        656   mf_w.l

    ----------------------------------------------------------------------
      3940        132          0         12          0       2120   Library Totals

    ----------------------------------------------------------------------

==============================================================================


      Code (inc. data)   RO Data    RW Data    ZI Data      Debug   

     13956       1190      20164         72       1776     527899   Grand Totals
     13956       1190      20164         72       1776     527899   ELF Image Totals
     13956       1190      20164         72          0          0   ROM Totals

==============================================================================

    Total RO  Size (Code + RO Data)                34120 (  33.32kB)
    Total RW  Size (RW Data + ZI Data)              1848 (   1.80kB)
    Total ROM Size (Code + RO Data + RW Data)      34192 (  33.39kB)

==============================================================================

